Usando la configuración de inicio de Anitec.Platform\Properties\launchSettings.json...
Compilando...
warn: Microsoft.EntityFrameworkCore.Model.Validation[10400]
      Sensitive data logging is enabled. Log entries and exception messages may include sensitive application data; this mode should only be enabled during development.
info: Microsoft.EntityFrameworkCore.Migrations[20411]
      Acquiring an exclusive lock for migration application. See https://aka.ms/efcore-docs-migrations-lock for more information if this takes too long.
info: Microsoft.EntityFrameworkCore.Database.Command[20101]
      Executed DbCommand (1ms) [Parameters=[], CommandType='Text', CommandTimeout='30']
      SELECT GET_LOCK('__EFMigrationsLock',-1);
info: Microsoft.EntityFrameworkCore.Database.Command[20101]
      Executed DbCommand (2ms) [Parameters=[], CommandType='Text', CommandTimeout='30']
      CREATE TABLE IF NOT EXISTS `__EFMigrationsHistory` (
          `MigrationId` varchar(150) NOT NULL,
          `ProductVersion` varchar(32) NOT NULL,
          PRIMARY KEY (`MigrationId`)
      );
info: Microsoft.EntityFrameworkCore.Database.Command[20101]
      Executed DbCommand (1ms) [Parameters=[], CommandType='Text', CommandTimeout='30']
      SELECT 1 FROM INFORMATION_SCHEMA.TABLES WHERE TABLE_SCHEMA='anitec-platform' AND TABLE_NAME='__EFMigrationsHistory';
info: Microsoft.EntityFrameworkCore.Database.Command[20101]
      Executed DbCommand (1ms) [Parameters=[], CommandType='Text', CommandTimeout='30']
      SELECT `MigrationId`, `ProductVersion`
      FROM `__EFMigrationsHistory`
      ORDER BY `MigrationId`;
info: Microsoft.EntityFrameworkCore.Migrations[20405]
      No migrations were applied. The database is already up to date.
info: Microsoft.EntityFrameworkCore.Database.Command[20101]
      Executed DbCommand (0ms) [Parameters=[], CommandType='Text', CommandTimeout='30']
      SELECT RELEASE_LOCK('__EFMigrationsLock');
info: Microsoft.EntityFrameworkCore.Database.Command[20101]
      Executed DbCommand (17ms) [Parameters=[], CommandType='Text', CommandTimeout='30']
      SELECT EXISTS (
          SELECT 1
          FROM `users` AS `u`)
info: Microsoft.Hosting.Lifetime[14]
      Now listening on: http://localhost:5191
info: Microsoft.Hosting.Lifetime[0]
      Application started. Press Ctrl+C to shut down.
info: Microsoft.Hosting.Lifetime[0]
      Hosting environment: Development
info: Microsoft.Hosting.Lifetime[0]
      Content root path: C:\Users\melga\AnitecProyecto\anitec-platform-main\Anitec.Platform
warn: Microsoft.AspNetCore.HttpsPolicy.HttpsRedirectionMiddleware[3]
      Failed to determine the https port for redirect.
 Skipping authorization
info: Microsoft.EntityFrameworkCore.Database.Command[20101]
      Executed DbCommand (7ms) [Parameters=[@username='ganadero' (Size = 80)], CommandType='Text', CommandTimeout='30']
      SELECT `u`.`id`, `u`.`created_at`, `u`.`full_name`, `u`.`password_hash`, `u`.`role`, `u`.`updated_at`, `u`.`username`
      FROM `users` AS `u`
      WHERE `u`.`username` = @username
      LIMIT 1
info: Microsoft.EntityFrameworkCore.Database.Command[20101]
      Executed DbCommand (1ms) [Parameters=[@p='1'], CommandType='Text', CommandTimeout='30']
      SELECT `u`.`id`, `u`.`created_at`, `u`.`full_name`, `u`.`password_hash`, `u`.`role`, `u`.`updated_at`, `u`.`username`
      FROM `users` AS `u`
      WHERE `u`.`id` = @p
      LIMIT 1
info: Microsoft.EntityFrameworkCore.Database.Command[20101]
      Executed DbCommand (1ms) [Parameters=[], CommandType='Text', CommandTimeout='30']
      SELECT `u`.`id`, `u`.`created_at`, `u`.`full_name`, `u`.`password_hash`, `u`.`role`, `u`.`updated_at`, `u`.`username`
      FROM `users` AS `u`
info: Microsoft.EntityFrameworkCore.Database.Command[20101]
      Executed DbCommand (1ms) [Parameters=[], CommandType='Text', CommandTimeout='30']
      SELECT `h`.`id`, `h`.`location`, `h`.`main_type`, `h`.`name`, `h`.`owner`, `h`.`owner_id`, `h`.`veterinarian_id`
      FROM `herds` AS `h`
info: Microsoft.EntityFrameworkCore.Database.Command[20101]
      Executed DbCommand (1ms) [Parameters=[], CommandType='Text', CommandTimeout='30']
      SELECT `a`.`id`, `a`.`birth_date`, `a`.`breed`, `a`.`gender`, `a`.`herd_id`, `a`.`name`, `a`.`species`, `a`.`status`, `a`.`tag`, `a`.`weight`
      FROM `animals` AS `a`
info: Microsoft.EntityFrameworkCore.Database.Command[20101]
      Executed DbCommand (1ms) [Parameters=[], CommandType='Text', CommandTimeout='30']
      SELECT `h`.`id`, `h`.`animal_id`, `h`.`date`, `h`.`description`, `h`.`diagnosis`, `h`.`follow_up`, `h`.`next_due_date`, `h`.`prescription`, `h`.`treatment`, `h`.`type`, `h`.`veterinarian`
      FROM `health_events` AS `h`
info: Microsoft.EntityFrameworkCore.Database.Command[20101]
      Executed DbCommand (1ms) [Parameters=[], CommandType='Text', CommandTimeout='30']
      SELECT `d`.`id`, `d`.`animal_id`, `d`.`herd_id`, `d`.`name`, `d`.`serial_number`, `d`.`status`, `d`.`type`
      FROM `devices` AS `d`
info: Microsoft.EntityFrameworkCore.Database.Command[20101]
      Executed DbCommand (1ms) [Parameters=[], CommandType='Text', CommandTimeout='30']
      SELECT `s`.`id`, `s`.`is_active`, `s`.`max_animals`, `s`.`name`, `s`.`price`, `s`.`stripe_price_id`
      FROM `subscription_plans` AS `s`
info: Microsoft.EntityFrameworkCore.Database.Command[20101]
      Executed DbCommand (0ms) [Parameters=[], CommandType='Text', CommandTimeout='30']
      SELECT `h`.`id`, `h`.`location`, `h`.`main_type`, `h`.`name`, `h`.`owner`, `h`.`owner_id`, `h`.`veterinarian_id`
      FROM `herds` AS `h`
info: Microsoft.EntityFrameworkCore.Database.Command[20101]
      Executed DbCommand (1ms) [Parameters=[], CommandType='Text', CommandTimeout='30']
      SELECT `a`.`id`, `a`.`birth_date`, `a`.`breed`, `a`.`gender`, `a`.`herd_id`, `a`.`name`, `a`.`species`, `a`.`status`, `a`.`tag`, `a`.`weight`
      FROM `animals` AS `a`
info: Microsoft.EntityFrameworkCore.Database.Command[20101]
      Executed DbCommand (0ms) [Parameters=[], CommandType='Text', CommandTimeout='30']
      SELECT `h`.`id`, `h`.`animal_id`, `h`.`date`, `h`.`description`, `h`.`diagnosis`, `h`.`follow_up`, `h`.`next_due_date`, `h`.`prescription`, `h`.`treatment`, `h`.`type`, `h`.`veterinarian`
      FROM `health_events` AS `h`
info: Microsoft.EntityFrameworkCore.Database.Command[20101]
      Executed DbCommand (1ms) [Parameters=[], CommandType='Text', CommandTimeout='30']
      SELECT `f`.`id`, `f`.`amount`, `f`.`category`, `f`.`date`, `f`.`description`, `f`.`owner_id`, `f`.`type`
      FROM `financial_records` AS `f`
info: Microsoft.EntityFrameworkCore.Database.Command[20101]
      Executed DbCommand (1ms) [Parameters=[], CommandType='Text', CommandTimeout='30']
      SELECT `f`.`id`, `f`.`date`, `f`.`owner_id`, `f`.`priority`, `f`.`status`, `f`.`title`, `f`.`type`, `f`.`veterinarian_id`
      FROM `farm_activities` AS `f`
info: Microsoft.EntityFrameworkCore.Database.Command[20101]
      Executed DbCommand (0ms) [Parameters=[], CommandType='Text', CommandTimeout='30']
      SELECT `d`.`id`, `d`.`animal_id`, `d`.`herd_id`, `d`.`name`, `d`.`serial_number`, `d`.`status`, `d`.`type`
      FROM `devices` AS `d`
 Skipping authorization
info: Microsoft.EntityFrameworkCore.Database.Command[20101]
      Executed DbCommand (0ms) [Parameters=[@username='veterinaria' (Size = 80)], CommandType='Text', CommandTimeout='30']
      SELECT `u`.`id`, `u`.`created_at`, `u`.`full_name`, `u`.`password_hash`, `u`.`role`, `u`.`updated_at`, `u`.`username`
      FROM `users` AS `u`
      WHERE `u`.`username` = @username
      LIMIT 1
info: Microsoft.EntityFrameworkCore.Database.Command[20101]
      Executed DbCommand (1ms) [Parameters=[@veterinarianId='2'], CommandType='Text', CommandTimeout='30']
      SELECT `v`.`id`, `v`.`accepted_at`, `v`.`rancher_id`, `v`.`requested_at`, `v`.`status`, `v`.`veterinarian_id`
      FROM `veterinarian_clients` AS `v`
      WHERE `v`.`veterinarian_id` = @veterinarianId
info: Microsoft.EntityFrameworkCore.Database.Command[20101]
      Executed DbCommand (0ms) [Parameters=[], CommandType='Text', CommandTimeout='30']
      SELECT `u`.`id`, `u`.`created_at`, `u`.`full_name`, `u`.`password_hash`, `u`.`role`, `u`.`updated_at`, `u`.`username`
      FROM `users` AS `u`
info: Microsoft.EntityFrameworkCore.Database.Command[20101]
      Executed DbCommand (0ms) [Parameters=[], CommandType='Text', CommandTimeout='30']
      SELECT `h`.`id`, `h`.`location`, `h`.`main_type`, `h`.`name`, `h`.`owner`, `h`.`owner_id`, `h`.`veterinarian_id`
      FROM `herds` AS `h`
info: Microsoft.EntityFrameworkCore.Database.Command[20101]
      Executed DbCommand (0ms) [Parameters=[], CommandType='Text', CommandTimeout='30']
      SELECT `a`.`id`, `a`.`birth_date`, `a`.`breed`, `a`.`gender`, `a`.`herd_id`, `a`.`name`, `a`.`species`, `a`.`status`, `a`.`tag`, `a`.`weight`
      FROM `animals` AS `a`
info: Microsoft.EntityFrameworkCore.Database.Command[20101]
      Executed DbCommand (0ms) [Parameters=[@veterinarianId='2'], CommandType='Text', CommandTimeout='30']
      SELECT `v`.`id`, `v`.`accepted_at`, `v`.`rancher_id`, `v`.`requested_at`, `v`.`status`, `v`.`veterinarian_id`
      FROM `veterinarian_clients` AS `v`
      WHERE `v`.`veterinarian_id` = @veterinarianId
info: Microsoft.EntityFrameworkCore.Database.Command[20101]
      Executed DbCommand (0ms) [Parameters=[], CommandType='Text', CommandTimeout='30']
      SELECT `u`.`id`, `u`.`created_at`, `u`.`full_name`, `u`.`password_hash`, `u`.`role`, `u`.`updated_at`, `u`.`username`
      FROM `users` AS `u`
info: Microsoft.EntityFrameworkCore.Database.Command[20101]
      Executed DbCommand (0ms) [Parameters=[], CommandType='Text', CommandTimeout='30']
      SELECT `h`.`id`, `h`.`location`, `h`.`main_type`, `h`.`name`, `h`.`owner`, `h`.`owner_id`, `h`.`veterinarian_id`
      FROM `herds` AS `h`
info: Microsoft.EntityFrameworkCore.Database.Command[20101]
      Executed DbCommand (0ms) [Parameters=[], CommandType='Text', CommandTimeout='30']
      SELECT `a`.`id`, `a`.`birth_date`, `a`.`breed`, `a`.`gender`, `a`.`herd_id`, `a`.`name`, `a`.`species`, `a`.`status`, `a`.`tag`, `a`.`weight`
      FROM `animals` AS `a`
info: Microsoft.EntityFrameworkCore.Database.Command[20101]
      Executed DbCommand (2ms) [Parameters=[@p0=NULL (DbType = DateTime), @p1='2', @p2='2026-06-08T00:00:00.0000000' (DbType = DateTime), @p3='Active' (Nullable = false) (Size = 40), @p4='mock_customer_1' (Nullable = false) (Size = 120), @p5='mock_subscription_5d233f852d774ab781ebd1c27486d49f' (Nullable = false) (Size = 120), @p6='1'], CommandType='Text', CommandTimeout='30']
      INSERT INTO `subscriptions` (`ends_at`, `plan_id`, `started_at`, `status`, `stripe_customer_id`, `stripe_subscription_id`, `user_id`)
      VALUES (@p0, @p1, @p2, @p3, @p4, @p5, @p6);
      SELECT `id`
      FROM `subscriptions`
      WHERE ROW_COUNT() = 1 AND `id` = LAST_INSERT_ID();
info: Microsoft.EntityFrameworkCore.Database.Command[20101]
      Executed DbCommand (3ms) [Parameters=[@p0='89', @p1='PEN' (Nullable = false) (Size = 10), @p2='2026-06-08T00:05:59.3663853Z' (DbType = DateTime), @p3='MockStripe' (Nullable = false) (Size = 40), @p4='mock_payment_b8c1d5d6c2854cbdab8a0abd0f9f4f16' (Nullable = false) (Size = 120), @p5='Paid' (Nullable = false) (Size = 40), @p6='4', @p7='1'], CommandType='Text', CommandTimeout='30']
      INSERT INTO `payments` (`amount`, `currency`, `paid_at`, `provider`, `provider_payment_id`, `status`, `subscription_id`, `user_id`)
      VALUES (@p0, @p1, @p2, @p3, @p4, @p5, @p6, @p7);
      SELECT `id`
      FROM `payments`
      WHERE ROW_COUNT() = 1 AND `id` = LAST_INSERT_ID();
 Skipping authorization
info: Microsoft.EntityFrameworkCore.Database.Command[20101]
      Executed DbCommand (1ms) [Parameters=[@username='ganadero' (Size = 80)], CommandType='Text', CommandTimeout='30']
      SELECT `u`.`id`, `u`.`created_at`, `u`.`full_name`, `u`.`password_hash`, `u`.`role`, `u`.`updated_at`, `u`.`username`
      FROM `users` AS `u`
      WHERE `u`.`username` = @username
      LIMIT 1
info: Microsoft.EntityFrameworkCore.Database.Command[20101]
      Executed DbCommand (1ms) [Parameters=[@p='1'], CommandType='Text', CommandTimeout='30']
      SELECT `u`.`id`, `u`.`created_at`, `u`.`full_name`, `u`.`password_hash`, `u`.`role`, `u`.`updated_at`, `u`.`username`
      FROM `users` AS `u`
      WHERE `u`.`id` = @p
      LIMIT 1
info: Microsoft.EntityFrameworkCore.Database.Command[20101]
      Executed DbCommand (0ms) [Parameters=[], CommandType='Text', CommandTimeout='30']
      SELECT `u`.`id`, `u`.`created_at`, `u`.`full_name`, `u`.`password_hash`, `u`.`role`, `u`.`updated_at`, `u`.`username`
      FROM `users` AS `u`
info: Microsoft.EntityFrameworkCore.Database.Command[20101]
      Executed DbCommand (0ms) [Parameters=[], CommandType='Text', CommandTimeout='30']
      SELECT `h`.`id`, `h`.`location`, `h`.`main_type`, `h`.`name`, `h`.`owner`, `h`.`owner_id`, `h`.`veterinarian_id`
      FROM `herds` AS `h`
info: Microsoft.EntityFrameworkCore.Database.Command[20101]
      Executed DbCommand (1ms) [Parameters=[], CommandType='Text', CommandTimeout='30']
      SELECT `a`.`id`, `a`.`birth_date`, `a`.`breed`, `a`.`gender`, `a`.`herd_id`, `a`.`name`, `a`.`species`, `a`.`status`, `a`.`tag`, `a`.`weight`
      FROM `animals` AS `a`
info: Microsoft.EntityFrameworkCore.Database.Command[20101]
      Executed DbCommand (1ms) [Parameters=[], CommandType='Text', CommandTimeout='30']
      SELECT `h`.`id`, `h`.`animal_id`, `h`.`date`, `h`.`description`, `h`.`diagnosis`, `h`.`follow_up`, `h`.`next_due_date`, `h`.`prescription`, `h`.`treatment`, `h`.`type`, `h`.`veterinarian`
      FROM `health_events` AS `h`
info: Microsoft.EntityFrameworkCore.Database.Command[20101]
      Executed DbCommand (0ms) [Parameters=[], CommandType='Text', CommandTimeout='30']
      SELECT `d`.`id`, `d`.`animal_id`, `d`.`herd_id`, `d`.`name`, `d`.`serial_number`, `d`.`status`, `d`.`type`
      FROM `devices` AS `d`
info: Microsoft.EntityFrameworkCore.Database.Command[20101]
      Executed DbCommand (1ms) [Parameters=[], CommandType='Text', CommandTimeout='30']
      SELECT `s`.`id`, `s`.`is_active`, `s`.`max_animals`, `s`.`name`, `s`.`price`, `s`.`stripe_price_id`
      FROM `subscription_plans` AS `s`
info: Microsoft.EntityFrameworkCore.Database.Command[20101]
      Executed DbCommand (1ms) [Parameters=[@veterinarianId='2'], CommandType='Text', CommandTimeout='30']
      SELECT `v`.`id`, `v`.`accepted_at`, `v`.`rancher_id`, `v`.`requested_at`, `v`.`status`, `v`.`veterinarian_id`
      FROM `veterinarian_clients` AS `v`
      WHERE `v`.`veterinarian_id` = @veterinarianId
info: Microsoft.EntityFrameworkCore.Database.Command[20101]
      Executed DbCommand (0ms) [Parameters=[], CommandType='Text', CommandTimeout='30']
      SELECT `u`.`id`, `u`.`created_at`, `u`.`full_name`, `u`.`password_hash`, `u`.`role`, `u`.`updated_at`, `u`.`username`
      FROM `users` AS `u`
info: Microsoft.EntityFrameworkCore.Database.Command[20101]
      Executed DbCommand (0ms) [Parameters=[], CommandType='Text', CommandTimeout='30']
      SELECT `h`.`id`, `h`.`location`, `h`.`main_type`, `h`.`name`, `h`.`owner`, `h`.`owner_id`, `h`.`veterinarian_id`
      FROM `herds` AS `h`
info: Microsoft.EntityFrameworkCore.Database.Command[20101]
      Executed DbCommand (0ms) [Parameters=[], CommandType='Text', CommandTimeout='30']
      SELECT `a`.`id`, `a`.`birth_date`, `a`.`breed`, `a`.`gender`, `a`.`herd_id`, `a`.`name`, `a`.`species`, `a`.`status`, `a`.`tag`, `a`.`weight`
      FROM `animals` AS `a`
info: Microsoft.EntityFrameworkCore.Database.Command[20101]
      Executed DbCommand (1ms) [Parameters=[@veterinarianId='2'], CommandType='Text', CommandTimeout='30']
      SELECT `v`.`id`, `v`.`accepted_at`, `v`.`rancher_id`, `v`.`requested_at`, `v`.`status`, `v`.`veterinarian_id`
      FROM `veterinarian_clients` AS `v`
      WHERE `v`.`veterinarian_id` = @veterinarianId
info: Microsoft.EntityFrameworkCore.Database.Command[20101]
      Executed DbCommand (0ms) [Parameters=[], CommandType='Text', CommandTimeout='30']
      SELECT `u`.`id`, `u`.`created_at`, `u`.`full_name`, `u`.`password_hash`, `u`.`role`, `u`.`updated_at`, `u`.`username`
      FROM `users` AS `u`
info: Microsoft.EntityFrameworkCore.Database.Command[20101]
      Executed DbCommand (0ms) [Parameters=[], CommandType='Text', CommandTimeout='30']
      SELECT `h`.`id`, `h`.`location`, `h`.`main_type`, `h`.`name`, `h`.`owner`, `h`.`owner_id`, `h`.`veterinarian_id`
      FROM `herds` AS `h`
info: Microsoft.EntityFrameworkCore.Database.Command[20101]
      Executed DbCommand (0ms) [Parameters=[], CommandType='Text', CommandTimeout='30']
      SELECT `a`.`id`, `a`.`birth_date`, `a`.`breed`, `a`.`gender`, `a`.`herd_id`, `a`.`name`, `a`.`species`, `a`.`status`, `a`.`tag`, `a`.`weight`
      FROM `animals` AS `a`
info: Microsoft.EntityFrameworkCore.Database.Command[20101]
      Executed DbCommand (1ms) [Parameters=[], CommandType='Text', CommandTimeout='30']
      SELECT `h`.`id`, `h`.`location`, `h`.`main_type`, `h`.`name`, `h`.`owner`, `h`.`owner_id`, `h`.`veterinarian_id`
      FROM `herds` AS `h`
info: Microsoft.EntityFrameworkCore.Database.Command[20101]
      Executed DbCommand (1ms) [Parameters=[], CommandType='Text', CommandTimeout='30']
      SELECT `a`.`id`, `a`.`birth_date`, `a`.`breed`, `a`.`gender`, `a`.`herd_id`, `a`.`name`, `a`.`species`, `a`.`status`, `a`.`tag`, `a`.`weight`
      FROM `animals` AS `a`
info: Microsoft.EntityFrameworkCore.Database.Command[20101]
      Executed DbCommand (0ms) [Parameters=[], CommandType='Text', CommandTimeout='30']
      SELECT `h`.`id`, `h`.`animal_id`, `h`.`date`, `h`.`description`, `h`.`diagnosis`, `h`.`follow_up`, `h`.`next_due_date`, `h`.`prescription`, `h`.`treatment`, `h`.`type`, `h`.`veterinarian`
      FROM `health_events` AS `h`
info: Microsoft.EntityFrameworkCore.Database.Command[20101]
      Executed DbCommand (0ms) [Parameters=[], CommandType='Text', CommandTimeout='30']
      SELECT `f`.`id`, `f`.`amount`, `f`.`category`, `f`.`date`, `f`.`description`, `f`.`owner_id`, `f`.`type`
      FROM `financial_records` AS `f`
info: Microsoft.EntityFrameworkCore.Database.Command[20101]
      Executed DbCommand (0ms) [Parameters=[], CommandType='Text', CommandTimeout='30']
      SELECT `f`.`id`, `f`.`date`, `f`.`owner_id`, `f`.`priority`, `f`.`status`, `f`.`title`, `f`.`type`, `f`.`veterinarian_id`
      FROM `farm_activities` AS `f`
info: Microsoft.EntityFrameworkCore.Database.Command[20101]
      Executed DbCommand (0ms) [Parameters=[], CommandType='Text', CommandTimeout='30']
      SELECT `d`.`id`, `d`.`animal_id`, `d`.`herd_id`, `d`.`name`, `d`.`serial_number`, `d`.`status`, `d`.`type`
      FROM `devices` AS `d`
 Skipping authorization
info: Microsoft.EntityFrameworkCore.Database.Command[20101]
      Executed DbCommand (0ms) [Parameters=[@username='ganadero' (Size = 80)], CommandType='Text', CommandTimeout='30']
      SELECT `u`.`id`, `u`.`created_at`, `u`.`full_name`, `u`.`password_hash`, `u`.`role`, `u`.`updated_at`, `u`.`username`
      FROM `users` AS `u`
      WHERE `u`.`username` = @username
      LIMIT 1
info: Microsoft.EntityFrameworkCore.Database.Command[20101]
      Executed DbCommand (1ms) [Parameters=[@p0=NULL (DbType = DateTime), @p1='2', @p2='2026-06-08T00:00:00.0000000' (DbType = DateTime), @p3='Active' (Nullable = false) (Size = 40), @p4='mock_customer_1' (Nullable = false) (Size = 120), @p5='mock_subscription_977331e5f9624cf086d91259db9b08ac' (Nullable = false) (Size = 120), @p6='1'], CommandType='Text', CommandTimeout='30']
      INSERT INTO `subscriptions` (`ends_at`, `plan_id`, `started_at`, `status`, `stripe_customer_id`, `stripe_subscription_id`, `user_id`)
      VALUES (@p0, @p1, @p2, @p3, @p4, @p5, @p6);
      SELECT `id`
      FROM `subscriptions`
      WHERE ROW_COUNT() = 1 AND `id` = LAST_INSERT_ID();
info: Microsoft.EntityFrameworkCore.Database.Command[20101]
      Executed DbCommand (0ms) [Parameters=[@p0='89', @p1='PEN' (Nullable = false) (Size = 10), @p2='2026-06-08T00:06:31.1850918Z' (DbType = DateTime), @p3='MockStripe' (Nullable = false) (Size = 40), @p4='mock_payment_4047a7b1a5ab4215ae75bad023970138' (Nullable = false) (Size = 120), @p5='Paid' (Nullable = false) (Size = 40), @p6='5', @p7='1'], CommandType='Text', CommandTimeout='30']
      INSERT INTO `payments` (`amount`, `currency`, `paid_at`, `provider`, `provider_payment_id`, `status`, `subscription_id`, `user_id`)
      VALUES (@p0, @p1, @p2, @p3, @p4, @p5, @p6, @p7);
      SELECT `id`
      FROM `payments`
      WHERE ROW_COUNT() = 1 AND `id` = LAST_INSERT_ID();
 Skipping authorization
info: Microsoft.EntityFrameworkCore.Database.Command[20101]
      Executed DbCommand (1ms) [Parameters=[@username='ganadero' (Size = 80)], CommandType='Text', CommandTimeout='30']
      SELECT `u`.`id`, `u`.`created_at`, `u`.`full_name`, `u`.`password_hash`, `u`.`role`, `u`.`updated_at`, `u`.`username`
      FROM `users` AS `u`
      WHERE `u`.`username` = @username
      LIMIT 1
info: Microsoft.EntityFrameworkCore.Database.Command[20101]
      Executed DbCommand (0ms) [Parameters=[@p='1'], CommandType='Text', CommandTimeout='30']
      SELECT `u`.`id`, `u`.`created_at`, `u`.`full_name`, `u`.`password_hash`, `u`.`role`, `u`.`updated_at`, `u`.`username`
      FROM `users` AS `u`
      WHERE `u`.`id` = @p
      LIMIT 1
info: Microsoft.EntityFrameworkCore.Database.Command[20101]
      Executed DbCommand (0ms) [Parameters=[], CommandType='Text', CommandTimeout='30']
      SELECT `u`.`id`, `u`.`created_at`, `u`.`full_name`, `u`.`password_hash`, `u`.`role`, `u`.`updated_at`, `u`.`username`
      FROM `users` AS `u`
info: Microsoft.EntityFrameworkCore.Database.Command[20101]
      Executed DbCommand (1ms) [Parameters=[], CommandType='Text', CommandTimeout='30']
      SELECT `a`.`id`, `a`.`birth_date`, `a`.`breed`, `a`.`gender`, `a`.`herd_id`, `a`.`name`, `a`.`species`, `a`.`status`, `a`.`tag`, `a`.`weight`
      FROM `animals` AS `a`
info: Microsoft.EntityFrameworkCore.Database.Command[20101]
      Executed DbCommand (1ms) [Parameters=[], CommandType='Text', CommandTimeout='30']
      SELECT `h`.`id`, `h`.`animal_id`, `h`.`date`, `h`.`description`, `h`.`diagnosis`, `h`.`follow_up`, `h`.`next_due_date`, `h`.`prescription`, `h`.`treatment`, `h`.`type`, `h`.`veterinarian`
      FROM `health_events` AS `h`
info: Microsoft.EntityFrameworkCore.Database.Command[20101]
      Executed DbCommand (1ms) [Parameters=[], CommandType='Text', CommandTimeout='30']
      SELECT `f`.`id`, `f`.`amount`, `f`.`category`, `f`.`date`, `f`.`description`, `f`.`owner_id`, `f`.`type`
      FROM `financial_records` AS `f`
info: Microsoft.EntityFrameworkCore.Database.Command[20101]
      Executed DbCommand (1ms) [Parameters=[], CommandType='Text', CommandTimeout='30']
      SELECT `f`.`id`, `f`.`date`, `f`.`owner_id`, `f`.`priority`, `f`.`status`, `f`.`title`, `f`.`type`, `f`.`veterinarian_id`
      FROM `farm_activities` AS `f`
info: Microsoft.EntityFrameworkCore.Database.Command[20101]
      Executed DbCommand (1ms) [Parameters=[], CommandType='Text', CommandTimeout='30']
      SELECT `h`.`id`, `h`.`location`, `h`.`main_type`, `h`.`name`, `h`.`owner`, `h`.`owner_id`, `h`.`veterinarian_id`
      FROM `herds` AS `h`
info: Microsoft.EntityFrameworkCore.Database.Command[20101]
      Executed DbCommand (0ms) [Parameters=[], CommandType='Text', CommandTimeout='30']
      SELECT `h`.`id`, `h`.`location`, `h`.`main_type`, `h`.`name`, `h`.`owner`, `h`.`owner_id`, `h`.`veterinarian_id`
      FROM `herds` AS `h`
info: Microsoft.EntityFrameworkCore.Database.Command[20101]
      Executed DbCommand (1ms) [Parameters=[], CommandType='Text', CommandTimeout='30']
      SELECT `a`.`id`, `a`.`birth_date`, `a`.`breed`, `a`.`gender`, `a`.`herd_id`, `a`.`name`, `a`.`species`, `a`.`status`, `a`.`tag`, `a`.`weight`
      FROM `animals` AS `a`
info: Microsoft.EntityFrameworkCore.Database.Command[20101]
      Executed DbCommand (0ms) [Parameters=[], CommandType='Text', CommandTimeout='30']
      SELECT `d`.`id`, `d`.`animal_id`, `d`.`herd_id`, `d`.`name`, `d`.`serial_number`, `d`.`status`, `d`.`type`
      FROM `devices` AS `d`
info: Microsoft.EntityFrameworkCore.Database.Command[20101]
      Executed DbCommand (0ms) [Parameters=[@p='2'], CommandType='Text', CommandTimeout='30']
      SELECT `d`.`id`, `d`.`animal_id`, `d`.`herd_id`, `d`.`name`, `d`.`serial_number`, `d`.`status`, `d`.`type`
      FROM `devices` AS `d`
      WHERE `d`.`id` = @p
      LIMIT 1
info: Microsoft.EntityFrameworkCore.Database.Command[20101]
      Executed DbCommand (1ms) [Parameters=[@p='2'], CommandType='Text', CommandTimeout='30']
      SELECT `d`.`id`, `d`.`animal_id`, `d`.`herd_id`, `d`.`name`, `d`.`serial_number`, `d`.`status`, `d`.`type`
      FROM `devices` AS `d`
      WHERE `d`.`id` = @p
      LIMIT 1
info: Microsoft.EntityFrameworkCore.Database.Command[20101]
      Executed DbCommand (0ms) [Parameters=[@p='3'], CommandType='Text', CommandTimeout='30']
      SELECT `d`.`id`, `d`.`animal_id`, `d`.`herd_id`, `d`.`name`, `d`.`serial_number`, `d`.`status`, `d`.`type`
      FROM `devices` AS `d`
      WHERE `d`.`id` = @p
      LIMIT 1
info: Microsoft.EntityFrameworkCore.Database.Command[20101]
      Executed DbCommand (1ms) [Parameters=[], CommandType='Text', CommandTimeout='30']
      SELECT `d`.`id`, `d`.`device_id`, `d`.`recorded_at`, `d`.`type`, `d`.`unit`, `d`.`value`
      FROM `device_metrics` AS `d`
info: Microsoft.EntityFrameworkCore.Database.Command[20101]
      Executed DbCommand (1ms) [Parameters=[], CommandType='Text', CommandTimeout='30']
      SELECT `d`.`id`, `d`.`device_id`, `d`.`recorded_at`, `d`.`type`, `d`.`unit`, `d`.`value`
      FROM `device_metrics` AS `d`
info: Microsoft.EntityFrameworkCore.Database.Command[20101]
      Executed DbCommand (1ms) [Parameters=[], CommandType='Text', CommandTimeout='30']
      SELECT `d`.`id`, `d`.`device_id`, `d`.`recorded_at`, `d`.`type`, `d`.`unit`, `d`.`value`
      FROM `device_metrics` AS `d`
info: Microsoft.EntityFrameworkCore.Database.Command[20101]
      Executed DbCommand (1ms) [Parameters=[@p='1'], CommandType='Text', CommandTimeout='30']
      SELECT `d`.`id`, `d`.`animal_id`, `d`.`herd_id`, `d`.`name`, `d`.`serial_number`, `d`.`status`, `d`.`type`
      FROM `devices` AS `d`
      WHERE `d`.`id` = @p
      LIMIT 1
info: Microsoft.EntityFrameworkCore.Database.Command[20101]
      Executed DbCommand (1ms) [Parameters=[@p='1'], CommandType='Text', CommandTimeout='30']
      SELECT `d`.`id`, `d`.`animal_id`, `d`.`herd_id`, `d`.`name`, `d`.`serial_number`, `d`.`status`, `d`.`type`
      FROM `devices` AS `d`
      WHERE `d`.`id` = @p
      LIMIT 1
info: Microsoft.EntityFrameworkCore.Database.Command[20101]
      Executed DbCommand (1ms) [Parameters=[@p='3'], CommandType='Text', CommandTimeout='30']
      SELECT `d`.`id`, `d`.`animal_id`, `d`.`herd_id`, `d`.`name`, `d`.`serial_number`, `d`.`status`, `d`.`type`
      FROM `devices` AS `d`
      WHERE `d`.`id` = @p
      LIMIT 1
info: Microsoft.EntityFrameworkCore.Database.Command[20101]
      Executed DbCommand (0ms) [Parameters=[], CommandType='Text', CommandTimeout='30']
      SELECT `d`.`id`, `d`.`device_id`, `d`.`recorded_at`, `d`.`type`, `d`.`unit`, `d`.`value`
      FROM `device_metrics` AS `d`
info: Microsoft.EntityFrameworkCore.Database.Command[20101]
      Executed DbCommand (0ms) [Parameters=[], CommandType='Text', CommandTimeout='30']
      SELECT `d`.`id`, `d`.`device_id`, `d`.`recorded_at`, `d`.`type`, `d`.`unit`, `d`.`value`
      FROM `device_metrics` AS `d`
info: Microsoft.EntityFrameworkCore.Database.Command[20101]
      Executed DbCommand (0ms) [Parameters=[], CommandType='Text', CommandTimeout='30']
      SELECT `d`.`id`, `d`.`device_id`, `d`.`recorded_at`, `d`.`type`, `d`.`unit`, `d`.`value`
      FROM `device_metrics` AS `d`
info: Microsoft.EntityFrameworkCore.Database.Command[20101]
      Executed DbCommand (1ms) [Parameters=[@p='4'], CommandType='Text', CommandTimeout='30']
      SELECT `d`.`id`, `d`.`animal_id`, `d`.`herd_id`, `d`.`name`, `d`.`serial_number`, `d`.`status`, `d`.`type`
      FROM `devices` AS `d`
      WHERE `d`.`id` = @p
      LIMIT 1
info: Microsoft.EntityFrameworkCore.Database.Command[20101]
      Executed DbCommand (1ms) [Parameters=[@p='5'], CommandType='Text', CommandTimeout='30']
      SELECT `d`.`id`, `d`.`animal_id`, `d`.`herd_id`, `d`.`name`, `d`.`serial_number`, `d`.`status`, `d`.`type`
      FROM `devices` AS `d`
      WHERE `d`.`id` = @p
      LIMIT 1
info: Microsoft.EntityFrameworkCore.Database.Command[20101]
      Executed DbCommand (1ms) [Parameters=[@p='5'], CommandType='Text', CommandTimeout='30']
      SELECT `d`.`id`, `d`.`animal_id`, `d`.`herd_id`, `d`.`name`, `d`.`serial_number`, `d`.`status`, `d`.`type`
      FROM `devices` AS `d`
      WHERE `d`.`id` = @p
      LIMIT 1
info: Microsoft.EntityFrameworkCore.Database.Command[20101]
      Executed DbCommand (1ms) [Parameters=[@p='4'], CommandType='Text', CommandTimeout='30']
      SELECT `d`.`id`, `d`.`animal_id`, `d`.`herd_id`, `d`.`name`, `d`.`serial_number`, `d`.`status`, `d`.`type`
      FROM `devices` AS `d`
      WHERE `d`.`id` = @p
      LIMIT 1
info: Microsoft.EntityFrameworkCore.Database.Command[20101]
      Executed DbCommand (0ms) [Parameters=[], CommandType='Text', CommandTimeout='30']
      SELECT `d`.`id`, `d`.`device_id`, `d`.`recorded_at`, `d`.`type`, `d`.`unit`, `d`.`value`
      FROM `device_metrics` AS `d`
info: Microsoft.EntityFrameworkCore.Database.Command[20101]
      Executed DbCommand (1ms) [Parameters=[], CommandType='Text', CommandTimeout='30']
      SELECT `d`.`id`, `d`.`device_id`, `d`.`recorded_at`, `d`.`type`, `d`.`unit`, `d`.`value`
      FROM `device_metrics` AS `d`
info: Microsoft.EntityFrameworkCore.Database.Command[20101]
      Executed DbCommand (0ms) [Parameters=[], CommandType='Text', CommandTimeout='30']
      SELECT `d`.`id`, `d`.`device_id`, `d`.`recorded_at`, `d`.`type`, `d`.`unit`, `d`.`value`
      FROM `device_metrics` AS `d`
info: Microsoft.EntityFrameworkCore.Database.Command[20101]
      Executed DbCommand (1ms) [Parameters=[], CommandType='Text', CommandTimeout='30']
      SELECT `d`.`id`, `d`.`device_id`, `d`.`recorded_at`, `d`.`type`, `d`.`unit`, `d`.`value`
      FROM `device_metrics` AS `d`
info: Microsoft.EntityFrameworkCore.Database.Command[20101]
      Executed DbCommand (0ms) [Parameters=[], CommandType='Text', CommandTimeout='30']
      SELECT `s`.`id`, `s`.`is_active`, `s`.`max_animals`, `s`.`name`, `s`.`price`, `s`.`stripe_price_id`
      FROM `subscription_plans` AS `s`
info: Microsoft.EntityFrameworkCore.Database.Command[20101]
      Executed DbCommand (1ms) [Parameters=[], CommandType='Text', CommandTimeout='30']
      SELECT `s`.`id`, `s`.`ends_at`, `s`.`plan_id`, `s`.`started_at`, `s`.`status`, `s`.`stripe_customer_id`, `s`.`stripe_subscription_id`, `s`.`user_id`
      FROM `subscriptions` AS `s`
info: Microsoft.EntityFrameworkCore.Database.Command[20101]
      Executed DbCommand (1ms) [Parameters=[@userId='1'], CommandType='Text', CommandTimeout='30']
      SELECT `p`.`id`, `p`.`amount`, `p`.`currency`, `p`.`paid_at`, `p`.`provider`, `p`.`provider_payment_id`, `p`.`status`, `p`.`subscription_id`, `p`.`user_id`
      FROM `payments` AS `p`
      WHERE `p`.`user_id` = @userId
      ORDER BY `p`.`paid_at` DESC
info: Microsoft.EntityFrameworkCore.Database.Command[20101]
      Executed DbCommand (1ms) [Parameters=[], CommandType='Text', CommandTimeout='30']
      SELECT `a`.`id`, `a`.`birth_date`, `a`.`breed`, `a`.`gender`, `a`.`herd_id`, `a`.`name`, `a`.`species`, `a`.`status`, `a`.`tag`, `a`.`weight`
      FROM `animals` AS `a`
info: Microsoft.EntityFrameworkCore.Database.Command[20101]
      Executed DbCommand (3ms) [Parameters=[], CommandType='Text', CommandTimeout='30']
      SELECT `h`.`id`, `h`.`location`, `h`.`main_type`, `h`.`name`, `h`.`owner`, `h`.`owner_id`, `h`.`veterinarian_id`
      FROM `herds` AS `h`
info: Microsoft.EntityFrameworkCore.Database.Command[20101]
      Executed DbCommand (3ms) [Parameters=[], CommandType='Text', CommandTimeout='30']
      SELECT `h`.`id`, `h`.`animal_id`, `h`.`date`, `h`.`description`, `h`.`diagnosis`, `h`.`follow_up`, `h`.`next_due_date`, `h`.`prescription`, `h`.`treatment`, `h`.`type`, `h`.`veterinarian`
      FROM `health_events` AS `h`
info: Microsoft.EntityFrameworkCore.Database.Command[20101]
      Executed DbCommand (1ms) [Parameters=[], CommandType='Text', CommandTimeout='30']
      SELECT `f`.`id`, `f`.`date`, `f`.`owner_id`, `f`.`priority`, `f`.`status`, `f`.`title`, `f`.`type`, `f`.`veterinarian_id`
      FROM `farm_activities` AS `f`
info: Microsoft.EntityFrameworkCore.Database.Command[20101]
      Executed DbCommand (1ms) [Parameters=[], CommandType='Text', CommandTimeout='30']
      SELECT `f`.`id`, `f`.`amount`, `f`.`category`, `f`.`date`, `f`.`description`, `f`.`owner_id`, `f`.`type`
      FROM `financial_records` AS `f`
 Skipping authorization
info: Microsoft.EntityFrameworkCore.Database.Command[20101]
      Executed DbCommand (1ms) [Parameters=[@username='veterinaria' (Size = 80)], CommandType='Text', CommandTimeout='30']
      SELECT `u`.`id`, `u`.`created_at`, `u`.`full_name`, `u`.`password_hash`, `u`.`role`, `u`.`updated_at`, `u`.`username`
      FROM `users` AS `u`
      WHERE `u`.`username` = @username
      LIMIT 1
info: Microsoft.EntityFrameworkCore.Database.Command[20101]
      Executed DbCommand (1ms) [Parameters=[@p='2'], CommandType='Text', CommandTimeout='30']
      SELECT `u`.`id`, `u`.`created_at`, `u`.`full_name`, `u`.`password_hash`, `u`.`role`, `u`.`updated_at`, `u`.`username`
      FROM `users` AS `u`
      WHERE `u`.`id` = @p
      LIMIT 1
info: Microsoft.EntityFrameworkCore.Database.Command[20101]
      Executed DbCommand (1ms) [Parameters=[], CommandType='Text', CommandTimeout='30']
      SELECT `u`.`id`, `u`.`created_at`, `u`.`full_name`, `u`.`password_hash`, `u`.`role`, `u`.`updated_at`, `u`.`username`
      FROM `users` AS `u`
info: Microsoft.EntityFrameworkCore.Database.Command[20101]
      Executed DbCommand (1ms) [Parameters=[@veterinarianId='2'], CommandType='Text', CommandTimeout='30']
      SELECT `v`.`id`, `v`.`accepted_at`, `v`.`rancher_id`, `v`.`requested_at`, `v`.`status`, `v`.`veterinarian_id`
      FROM `veterinarian_clients` AS `v`
      WHERE `v`.`veterinarian_id` = @veterinarianId
info: Microsoft.EntityFrameworkCore.Database.Command[20101]
      Executed DbCommand (0ms) [Parameters=[], CommandType='Text', CommandTimeout='30']
      SELECT `u`.`id`, `u`.`created_at`, `u`.`full_name`, `u`.`password_hash`, `u`.`role`, `u`.`updated_at`, `u`.`username`
      FROM `users` AS `u`
info: Microsoft.EntityFrameworkCore.Database.Command[20101]
      Executed DbCommand (0ms) [Parameters=[], CommandType='Text', CommandTimeout='30']
      SELECT `h`.`id`, `h`.`location`, `h`.`main_type`, `h`.`name`, `h`.`owner`, `h`.`owner_id`, `h`.`veterinarian_id`
      FROM `herds` AS `h`
info: Microsoft.EntityFrameworkCore.Database.Command[20101]
      Executed DbCommand (0ms) [Parameters=[], CommandType='Text', CommandTimeout='30']
      SELECT `a`.`id`, `a`.`birth_date`, `a`.`breed`, `a`.`gender`, `a`.`herd_id`, `a`.`name`, `a`.`species`, `a`.`status`, `a`.`tag`, `a`.`weight`
      FROM `animals` AS `a`
info: Microsoft.EntityFrameworkCore.Database.Command[20101]
      Executed DbCommand (1ms) [Parameters=[@veterinarianId='2'], CommandType='Text', CommandTimeout='30']
      SELECT `v`.`id`, `v`.`accepted_at`, `v`.`rancher_id`, `v`.`requested_at`, `v`.`status`, `v`.`veterinarian_id`
      FROM `veterinarian_clients` AS `v`
      WHERE `v`.`veterinarian_id` = @veterinarianId
info: Microsoft.EntityFrameworkCore.Database.Command[20101]
      Executed DbCommand (1ms) [Parameters=[], CommandType='Text', CommandTimeout='30']
      SELECT `u`.`id`, `u`.`created_at`, `u`.`full_name`, `u`.`password_hash`, `u`.`role`, `u`.`updated_at`, `u`.`username`
      FROM `users` AS `u`
info: Microsoft.EntityFrameworkCore.Database.Command[20101]
      Executed DbCommand (0ms) [Parameters=[], CommandType='Text', CommandTimeout='30']
      SELECT `h`.`id`, `h`.`location`, `h`.`main_type`, `h`.`name`, `h`.`owner`, `h`.`owner_id`, `h`.`veterinarian_id`
      FROM `herds` AS `h`
info: Microsoft.EntityFrameworkCore.Database.Command[20101]
      Executed DbCommand (0ms) [Parameters=[], CommandType='Text', CommandTimeout='30']
      SELECT `a`.`id`, `a`.`birth_date`, `a`.`breed`, `a`.`gender`, `a`.`herd_id`, `a`.`name`, `a`.`species`, `a`.`status`, `a`.`tag`, `a`.`weight`
      FROM `animals` AS `a`
info: Microsoft.EntityFrameworkCore.Database.Command[20101]
      Executed DbCommand (0ms) [Parameters=[], CommandType='Text', CommandTimeout='30']
      SELECT `h`.`id`, `h`.`location`, `h`.`main_type`, `h`.`name`, `h`.`owner`, `h`.`owner_id`, `h`.`veterinarian_id`
      FROM `herds` AS `h`
info: Microsoft.EntityFrameworkCore.Database.Command[20101]
      Executed DbCommand (1ms) [Parameters=[], CommandType='Text', CommandTimeout='30']
      SELECT `a`.`id`, `a`.`birth_date`, `a`.`breed`, `a`.`gender`, `a`.`herd_id`, `a`.`name`, `a`.`species`, `a`.`status`, `a`.`tag`, `a`.`weight`
      FROM `animals` AS `a`
info: Microsoft.EntityFrameworkCore.Database.Command[20101]
      Executed DbCommand (1ms) [Parameters=[], CommandType='Text', CommandTimeout='30']
      SELECT `h`.`id`, `h`.`animal_id`, `h`.`date`, `h`.`description`, `h`.`diagnosis`, `h`.`follow_up`, `h`.`next_due_date`, `h`.`prescription`, `h`.`treatment`, `h`.`type`, `h`.`veterinarian`
      FROM `health_events` AS `h`
info: Microsoft.EntityFrameworkCore.Database.Command[20101]
      Executed DbCommand (1ms) [Parameters=[], CommandType='Text', CommandTimeout='30']
      SELECT `a`.`id`, `a`.`birth_date`, `a`.`breed`, `a`.`gender`, `a`.`herd_id`, `a`.`name`, `a`.`species`, `a`.`status`, `a`.`tag`, `a`.`weight`
      FROM `animals` AS `a`
info: Microsoft.EntityFrameworkCore.Database.Command[20101]
      Executed DbCommand (1ms) [Parameters=[], CommandType='Text', CommandTimeout='30']
      SELECT `h`.`id`, `h`.`location`, `h`.`main_type`, `h`.`name`, `h`.`owner`, `h`.`owner_id`, `h`.`veterinarian_id`
      FROM `herds` AS `h`
info: Microsoft.EntityFrameworkCore.Database.Command[20101]
      Executed DbCommand (1ms) [Parameters=[], CommandType='Text', CommandTimeout='30']
      SELECT `h`.`id`, `h`.`animal_id`, `h`.`date`, `h`.`description`, `h`.`diagnosis`, `h`.`follow_up`, `h`.`next_due_date`, `h`.`prescription`, `h`.`treatment`, `h`.`type`, `h`.`veterinarian`
      FROM `health_events` AS `h`
 Skipping authorization
info: Microsoft.EntityFrameworkCore.Database.Command[20101]
      Executed DbCommand (1ms) [Parameters=[@username='ganadero' (Size = 80)], CommandType='Text', CommandTimeout='30']
      SELECT `u`.`id`, `u`.`created_at`, `u`.`full_name`, `u`.`password_hash`, `u`.`role`, `u`.`updated_at`, `u`.`username`
      FROM `users` AS `u`
      WHERE `u`.`username` = @username
      LIMIT 1
info: Microsoft.EntityFrameworkCore.Database.Command[20101]
      Executed DbCommand (0ms) [Parameters=[@p='1'], CommandType='Text', CommandTimeout='30']
      SELECT `u`.`id`, `u`.`created_at`, `u`.`full_name`, `u`.`password_hash`, `u`.`role`, `u`.`updated_at`, `u`.`username`
      FROM `users` AS `u`
      WHERE `u`.`id` = @p
      LIMIT 1
info: Microsoft.EntityFrameworkCore.Database.Command[20101]
      Executed DbCommand (0ms) [Parameters=[], CommandType='Text', CommandTimeout='30']
      SELECT `u`.`id`, `u`.`created_at`, `u`.`full_name`, `u`.`password_hash`, `u`.`role`, `u`.`updated_at`, `u`.`username`
      FROM `users` AS `u`
info: Microsoft.EntityFrameworkCore.Database.Command[20101]
      Executed DbCommand (0ms) [Parameters=[], CommandType='Text', CommandTimeout='30']
      SELECT `h`.`id`, `h`.`location`, `h`.`main_type`, `h`.`name`, `h`.`owner`, `h`.`owner_id`, `h`.`veterinarian_id`
      FROM `herds` AS `h`
info: Microsoft.EntityFrameworkCore.Database.Command[20101]
      Executed DbCommand (1ms) [Parameters=[], CommandType='Text', CommandTimeout='30']
      SELECT `a`.`id`, `a`.`birth_date`, `a`.`breed`, `a`.`gender`, `a`.`herd_id`, `a`.`name`, `a`.`species`, `a`.`status`, `a`.`tag`, `a`.`weight`
      FROM `animals` AS `a`
info: Microsoft.EntityFrameworkCore.Database.Command[20101]
      Executed DbCommand (1ms) [Parameters=[], CommandType='Text', CommandTimeout='30']
      SELECT `h`.`id`, `h`.`animal_id`, `h`.`date`, `h`.`description`, `h`.`diagnosis`, `h`.`follow_up`, `h`.`next_due_date`, `h`.`prescription`, `h`.`treatment`, `h`.`type`, `h`.`veterinarian`
      FROM `health_events` AS `h`
info: Microsoft.EntityFrameworkCore.Database.Command[20101]
      Executed DbCommand (1ms) [Parameters=[], CommandType='Text', CommandTimeout='30']
      SELECT `d`.`id`, `d`.`animal_id`, `d`.`herd_id`, `d`.`name`, `d`.`serial_number`, `d`.`status`, `d`.`type`
      FROM `devices` AS `d`
info: Microsoft.EntityFrameworkCore.Database.Command[20101]
      Executed DbCommand (1ms) [Parameters=[], CommandType='Text', CommandTimeout='30']
      SELECT `s`.`id`, `s`.`is_active`, `s`.`max_animals`, `s`.`name`, `s`.`price`, `s`.`stripe_price_id`
      FROM `subscription_plans` AS `s`
info: Microsoft.EntityFrameworkCore.Database.Command[20101]
      Executed DbCommand (1ms) [Parameters=[], CommandType='Text', CommandTimeout='30']
      SELECT `h`.`id`, `h`.`location`, `h`.`main_type`, `h`.`name`, `h`.`owner`, `h`.`owner_id`, `h`.`veterinarian_id`
      FROM `herds` AS `h`
info: Microsoft.EntityFrameworkCore.Database.Command[20101]
      Executed DbCommand (0ms) [Parameters=[], CommandType='Text', CommandTimeout='30']
      SELECT `a`.`id`, `a`.`birth_date`, `a`.`breed`, `a`.`gender`, `a`.`herd_id`, `a`.`name`, `a`.`species`, `a`.`status`, `a`.`tag`, `a`.`weight`
      FROM `animals` AS `a`
info: Microsoft.EntityFrameworkCore.Database.Command[20101]
      Executed DbCommand (0ms) [Parameters=[], CommandType='Text', CommandTimeout='30']
      SELECT `h`.`id`, `h`.`animal_id`, `h`.`date`, `h`.`description`, `h`.`diagnosis`, `h`.`follow_up`, `h`.`next_due_date`, `h`.`prescription`, `h`.`treatment`, `h`.`type`, `h`.`veterinarian`
      FROM `health_events` AS `h`
info: Microsoft.EntityFrameworkCore.Database.Command[20101]
      Executed DbCommand (0ms) [Parameters=[], CommandType='Text', CommandTimeout='30']
      SELECT `f`.`id`, `f`.`amount`, `f`.`category`, `f`.`date`, `f`.`description`, `f`.`owner_id`, `f`.`type`
      FROM `financial_records` AS `f`
info: Microsoft.EntityFrameworkCore.Database.Command[20101]
      Executed DbCommand (0ms) [Parameters=[], CommandType='Text', CommandTimeout='30']
      SELECT `f`.`id`, `f`.`date`, `f`.`owner_id`, `f`.`priority`, `f`.`status`, `f`.`title`, `f`.`type`, `f`.`veterinarian_id`
      FROM `farm_activities` AS `f`
info: Microsoft.EntityFrameworkCore.Database.Command[20101]
      Executed DbCommand (0ms) [Parameters=[], CommandType='Text', CommandTimeout='30']
      SELECT `d`.`id`, `d`.`animal_id`, `d`.`herd_id`, `d`.`name`, `d`.`serial_number`, `d`.`status`, `d`.`type`
      FROM `devices` AS `d`
 Skipping authorization
info: Microsoft.EntityFrameworkCore.Database.Command[20101]
      Executed DbCommand (0ms) [Parameters=[@username='ganadero' (Size = 80)], CommandType='Text', CommandTimeout='30']
      SELECT `u`.`id`, `u`.`created_at`, `u`.`full_name`, `u`.`password_hash`, `u`.`role`, `u`.`updated_at`, `u`.`username`
      FROM `users` AS `u`
      WHERE `u`.`username` = @username
      LIMIT 1
info: Microsoft.EntityFrameworkCore.Database.Command[20101]
      Executed DbCommand (1ms) [Parameters=[@p='1'], CommandType='Text', CommandTimeout='30']
      SELECT `u`.`id`, `u`.`created_at`, `u`.`full_name`, `u`.`password_hash`, `u`.`role`, `u`.`updated_at`, `u`.`username`
      FROM `users` AS `u`
      WHERE `u`.`id` = @p
      LIMIT 1
info: Microsoft.EntityFrameworkCore.Database.Command[20101]
      Executed DbCommand (0ms) [Parameters=[], CommandType='Text', CommandTimeout='30']
      SELECT `u`.`id`, `u`.`created_at`, `u`.`full_name`, `u`.`password_hash`, `u`.`role`, `u`.`updated_at`, `u`.`username`
      FROM `users` AS `u`
info: Microsoft.EntityFrameworkCore.Database.Command[20101]
      Executed DbCommand (1ms) [Parameters=[], CommandType='Text', CommandTimeout='30']
      SELECT `a`.`id`, `a`.`birth_date`, `a`.`breed`, `a`.`gender`, `a`.`herd_id`, `a`.`name`, `a`.`species`, `a`.`status`, `a`.`tag`, `a`.`weight`
      FROM `animals` AS `a`
info: Microsoft.EntityFrameworkCore.Database.Command[20101]
      Executed DbCommand (1ms) [Parameters=[], CommandType='Text', CommandTimeout='30']
      SELECT `h`.`id`, `h`.`location`, `h`.`main_type`, `h`.`name`, `h`.`owner`, `h`.`owner_id`, `h`.`veterinarian_id`
      FROM `herds` AS `h`
info: Microsoft.EntityFrameworkCore.Database.Command[20101]
      Executed DbCommand (1ms) [Parameters=[], CommandType='Text', CommandTimeout='30']
      SELECT `f`.`id`, `f`.`amount`, `f`.`category`, `f`.`date`, `f`.`description`, `f`.`owner_id`, `f`.`type`
      FROM `financial_records` AS `f`
info: Microsoft.EntityFrameworkCore.Database.Command[20101]
      Executed DbCommand (1ms) [Parameters=[], CommandType='Text', CommandTimeout='30']
      SELECT `h`.`id`, `h`.`animal_id`, `h`.`date`, `h`.`description`, `h`.`diagnosis`, `h`.`follow_up`, `h`.`next_due_date`, `h`.`prescription`, `h`.`treatment`, `h`.`type`, `h`.`veterinarian`
      FROM `health_events` AS `h`
info: Microsoft.EntityFrameworkCore.Database.Command[20101]
      Executed DbCommand (1ms) [Parameters=[], CommandType='Text', CommandTimeout='30']
      SELECT `f`.`id`, `f`.`date`, `f`.`owner_id`, `f`.`priority`, `f`.`status`, `f`.`title`, `f`.`type`, `f`.`veterinarian_id`
      FROM `farm_activities` AS `f`
info: Microsoft.EntityFrameworkCore.Database.Command[20101]
      Executed DbCommand (1ms) [Parameters=[], CommandType='Text', CommandTimeout='30']
      SELECT `d`.`id`, `d`.`animal_id`, `d`.`herd_id`, `d`.`name`, `d`.`serial_number`, `d`.`status`, `d`.`type`
      FROM `devices` AS `d`
info: Microsoft.EntityFrameworkCore.Database.Command[20101]
      Executed DbCommand (1ms) [Parameters=[@p='1'], CommandType='Text', CommandTimeout='30']
      SELECT `d`.`id`, `d`.`animal_id`, `d`.`herd_id`, `d`.`name`, `d`.`serial_number`, `d`.`status`, `d`.`type`
      FROM `devices` AS `d`
      WHERE `d`.`id` = @p
      LIMIT 1
info: Microsoft.EntityFrameworkCore.Database.Command[20101]
      Executed DbCommand (1ms) [Parameters=[@p='1'], CommandType='Text', CommandTimeout='30']
      SELECT `d`.`id`, `d`.`animal_id`, `d`.`herd_id`, `d`.`name`, `d`.`serial_number`, `d`.`status`, `d`.`type`
      FROM `devices` AS `d`
      WHERE `d`.`id` = @p
      LIMIT 1
info: Microsoft.EntityFrameworkCore.Database.Command[20101]
      Executed DbCommand (0ms) [Parameters=[@p='2'], CommandType='Text', CommandTimeout='30']
      SELECT `d`.`id`, `d`.`animal_id`, `d`.`herd_id`, `d`.`name`, `d`.`serial_number`, `d`.`status`, `d`.`type`
      FROM `devices` AS `d`
      WHERE `d`.`id` = @p
      LIMIT 1
info: Microsoft.EntityFrameworkCore.Database.Command[20101]
      Executed DbCommand (0ms) [Parameters=[], CommandType='Text', CommandTimeout='30']
      SELECT `d`.`id`, `d`.`device_id`, `d`.`recorded_at`, `d`.`type`, `d`.`unit`, `d`.`value`
      FROM `device_metrics` AS `d`
info: Microsoft.EntityFrameworkCore.Database.Command[20101]
      Executed DbCommand (0ms) [Parameters=[], CommandType='Text', CommandTimeout='30']
      SELECT `d`.`id`, `d`.`device_id`, `d`.`recorded_at`, `d`.`type`, `d`.`unit`, `d`.`value`
      FROM `device_metrics` AS `d`
info: Microsoft.EntityFrameworkCore.Database.Command[20101]
      Executed DbCommand (0ms) [Parameters=[], CommandType='Text', CommandTimeout='30']
      SELECT `d`.`id`, `d`.`device_id`, `d`.`recorded_at`, `d`.`type`, `d`.`unit`, `d`.`value`
      FROM `device_metrics` AS `d`
info: Microsoft.EntityFrameworkCore.Database.Command[20101]
      Executed DbCommand (0ms) [Parameters=[@p='3'], CommandType='Text', CommandTimeout='30']
      SELECT `d`.`id`, `d`.`animal_id`, `d`.`herd_id`, `d`.`name`, `d`.`serial_number`, `d`.`status`, `d`.`type`
      FROM `devices` AS `d`
      WHERE `d`.`id` = @p
      LIMIT 1
info: Microsoft.EntityFrameworkCore.Database.Command[20101]
      Executed DbCommand (0ms) [Parameters=[@p='3'], CommandType='Text', CommandTimeout='30']
      SELECT `d`.`id`, `d`.`animal_id`, `d`.`herd_id`, `d`.`name`, `d`.`serial_number`, `d`.`status`, `d`.`type`
      FROM `devices` AS `d`
      WHERE `d`.`id` = @p
      LIMIT 1
info: Microsoft.EntityFrameworkCore.Database.Command[20101]
      Executed DbCommand (1ms) [Parameters=[@p='2'], CommandType='Text', CommandTimeout='30']
      SELECT `d`.`id`, `d`.`animal_id`, `d`.`herd_id`, `d`.`name`, `d`.`serial_number`, `d`.`status`, `d`.`type`
      FROM `devices` AS `d`
      WHERE `d`.`id` = @p
      LIMIT 1
info: Microsoft.EntityFrameworkCore.Database.Command[20101]
      Executed DbCommand (0ms) [Parameters=[], CommandType='Text', CommandTimeout='30']
      SELECT `d`.`id`, `d`.`device_id`, `d`.`recorded_at`, `d`.`type`, `d`.`unit`, `d`.`value`
      FROM `device_metrics` AS `d`
info: Microsoft.EntityFrameworkCore.Database.Command[20101]
      Executed DbCommand (0ms) [Parameters=[], CommandType='Text', CommandTimeout='30']
      SELECT `d`.`id`, `d`.`device_id`, `d`.`recorded_at`, `d`.`type`, `d`.`unit`, `d`.`value`
      FROM `device_metrics` AS `d`
info: Microsoft.EntityFrameworkCore.Database.Command[20101]
      Executed DbCommand (0ms) [Parameters=[], CommandType='Text', CommandTimeout='30']
      SELECT `d`.`id`, `d`.`device_id`, `d`.`recorded_at`, `d`.`type`, `d`.`unit`, `d`.`value`
      FROM `device_metrics` AS `d`
info: Microsoft.EntityFrameworkCore.Database.Command[20101]
      Executed DbCommand (1ms) [Parameters=[@p='4'], CommandType='Text', CommandTimeout='30']
      SELECT `d`.`id`, `d`.`animal_id`, `d`.`herd_id`, `d`.`name`, `d`.`serial_number`, `d`.`status`, `d`.`type`
      FROM `devices` AS `d`
      WHERE `d`.`id` = @p
      LIMIT 1
info: Microsoft.EntityFrameworkCore.Database.Command[20101]
      Executed DbCommand (2ms) [Parameters=[@p='5'], CommandType='Text', CommandTimeout='30']
      SELECT `d`.`id`, `d`.`animal_id`, `d`.`herd_id`, `d`.`name`, `d`.`serial_number`, `d`.`status`, `d`.`type`
      FROM `devices` AS `d`
      WHERE `d`.`id` = @p
      LIMIT 1
info: Microsoft.EntityFrameworkCore.Database.Command[20101]
      Executed DbCommand (2ms) [Parameters=[@p='5'], CommandType='Text', CommandTimeout='30']
      SELECT `d`.`id`, `d`.`animal_id`, `d`.`herd_id`, `d`.`name`, `d`.`serial_number`, `d`.`status`, `d`.`type`
      FROM `devices` AS `d`
      WHERE `d`.`id` = @p
      LIMIT 1
info: Microsoft.EntityFrameworkCore.Database.Command[20101]
      Executed DbCommand (0ms) [Parameters=[], CommandType='Text', CommandTimeout='30']
      SELECT `d`.`id`, `d`.`device_id`, `d`.`recorded_at`, `d`.`type`, `d`.`unit`, `d`.`value`
      FROM `device_metrics` AS `d`
info: Microsoft.EntityFrameworkCore.Database.Command[20101]
      Executed DbCommand (0ms) [Parameters=[], CommandType='Text', CommandTimeout='30']
      SELECT `d`.`id`, `d`.`device_id`, `d`.`recorded_at`, `d`.`type`, `d`.`unit`, `d`.`value`
      FROM `device_metrics` AS `d`
info: Microsoft.EntityFrameworkCore.Database.Command[20101]
      Executed DbCommand (0ms) [Parameters=[], CommandType='Text', CommandTimeout='30']
      SELECT `d`.`id`, `d`.`device_id`, `d`.`recorded_at`, `d`.`type`, `d`.`unit`, `d`.`value`
      FROM `device_metrics` AS `d`
info: Microsoft.EntityFrameworkCore.Database.Command[20101]
      Executed DbCommand (1ms) [Parameters=[@p='4'], CommandType='Text', CommandTimeout='30']
      SELECT `d`.`id`, `d`.`animal_id`, `d`.`herd_id`, `d`.`name`, `d`.`serial_number`, `d`.`status`, `d`.`type`
      FROM `devices` AS `d`
      WHERE `d`.`id` = @p
      LIMIT 1
info: Microsoft.EntityFrameworkCore.Database.Command[20101]
      Executed DbCommand (0ms) [Parameters=[], CommandType='Text', CommandTimeout='30']
      SELECT `d`.`id`, `d`.`device_id`, `d`.`recorded_at`, `d`.`type`, `d`.`unit`, `d`.`value`
      FROM `device_metrics` AS `d`
info: Microsoft.EntityFrameworkCore.Database.Command[20101]
      Executed DbCommand (1ms) [Parameters=[], CommandType='Text', CommandTimeout='30']
      SELECT `s`.`id`, `s`.`is_active`, `s`.`max_animals`, `s`.`name`, `s`.`price`, `s`.`stripe_price_id`
      FROM `subscription_plans` AS `s`
info: Microsoft.EntityFrameworkCore.Database.Command[20101]
      Executed DbCommand (1ms) [Parameters=[], CommandType='Text', CommandTimeout='30']
      SELECT `s`.`id`, `s`.`ends_at`, `s`.`plan_id`, `s`.`started_at`, `s`.`status`, `s`.`stripe_customer_id`, `s`.`stripe_subscription_id`, `s`.`user_id`
      FROM `subscriptions` AS `s`
info: Microsoft.EntityFrameworkCore.Database.Command[20101]
      Executed DbCommand (1ms) [Parameters=[@userId='1'], CommandType='Text', CommandTimeout='30']
      SELECT `p`.`id`, `p`.`amount`, `p`.`currency`, `p`.`paid_at`, `p`.`provider`, `p`.`provider_payment_id`, `p`.`status`, `p`.`subscription_id`, `p`.`user_id`
      FROM `payments` AS `p`
      WHERE `p`.`user_id` = @userId
      ORDER BY `p`.`paid_at` DESC
info: Microsoft.EntityFrameworkCore.Database.Command[20101]
      Executed DbCommand (1ms) [Parameters=[@p0=NULL (DbType = DateTime), @p1='3', @p2='2026-06-08T00:00:00.0000000' (DbType = DateTime), @p3='Active' (Nullable = false) (Size = 40), @p4='mock_customer_1' (Nullable = false) (Size = 120), @p5='mock_subscription_580e8a4291624306a484727c05804b3d' (Nullable = false) (Size = 120), @p6='1'], CommandType='Text', CommandTimeout='30']
      INSERT INTO `subscriptions` (`ends_at`, `plan_id`, `started_at`, `status`, `stripe_customer_id`, `stripe_subscription_id`, `user_id`)
      VALUES (@p0, @p1, @p2, @p3, @p4, @p5, @p6);
      SELECT `id`
      FROM `subscriptions`
      WHERE ROW_COUNT() = 1 AND `id` = LAST_INSERT_ID();
info: Microsoft.EntityFrameworkCore.Database.Command[20101]
      Executed DbCommand (1ms) [Parameters=[@p0='129', @p1='PEN' (Nullable = false) (Size = 10), @p2='2026-06-08T00:19:16.7566776Z' (DbType = DateTime), @p3='MockStripe' (Nullable = false) (Size = 40), @p4='mock_payment_fc251f0dc95f42aab7431adbb7b22f32' (Nullable = false) (Size = 120), @p5='Paid' (Nullable = false) (Size = 40), @p6='6', @p7='1'], CommandType='Text', CommandTimeout='30']
      INSERT INTO `payments` (`amount`, `currency`, `paid_at`, `provider`, `provider_payment_id`, `status`, `subscription_id`, `user_id`)
      VALUES (@p0, @p1, @p2, @p3, @p4, @p5, @p6, @p7);
      SELECT `id`
      FROM `payments`
      WHERE ROW_COUNT() = 1 AND `id` = LAST_INSERT_ID();
info: Microsoft.EntityFrameworkCore.Database.Command[20101]
      Executed DbCommand (2ms) [Parameters=[@p0=NULL (DbType = DateTime), @p1='1', @p2='2026-06-08T00:00:00.0000000' (DbType = DateTime), @p3='Active' (Nullable = false) (Size = 40), @p4='mock_customer_1' (Nullable = false) (Size = 120), @p5='mock_subscription_127cb0ef407943638399ad30d1ea2b13' (Nullable = false) (Size = 120), @p6='1'], CommandType='Text', CommandTimeout='30']
      INSERT INTO `subscriptions` (`ends_at`, `plan_id`, `started_at`, `status`, `stripe_customer_id`, `stripe_subscription_id`, `user_id`)
      VALUES (@p0, @p1, @p2, @p3, @p4, @p5, @p6);
      SELECT `id`
      FROM `subscriptions`
      WHERE ROW_COUNT() = 1 AND `id` = LAST_INSERT_ID();
info: Microsoft.EntityFrameworkCore.Database.Command[20101]
      Executed DbCommand (1ms) [Parameters=[@p0='49', @p1='PEN' (Nullable = false) (Size = 10), @p2='2026-06-08T00:19:21.6364988Z' (DbType = DateTime), @p3='MockStripe' (Nullable = false) (Size = 40), @p4='mock_payment_10e6998bd086430094a838ff96f8727c' (Nullable = false) (Size = 120), @p5='Paid' (Nullable = false) (Size = 40), @p6='7', @p7='1'], CommandType='Text', CommandTimeout='30']
      INSERT INTO `payments` (`amount`, `currency`, `paid_at`, `provider`, `provider_payment_id`, `status`, `subscription_id`, `user_id`)
      VALUES (@p0, @p1, @p2, @p3, @p4, @p5, @p6, @p7);
      SELECT `id`
      FROM `payments`
      WHERE ROW_COUNT() = 1 AND `id` = LAST_INSERT_ID();
info: Microsoft.EntityFrameworkCore.Database.Command[20101]
      Executed DbCommand (1ms) [Parameters=[@p0=NULL (DbType = DateTime), @p1='2', @p2='2026-06-08T00:00:00.0000000' (DbType = DateTime), @p3='Active' (Nullable = false) (Size = 40), @p4='mock_customer_1' (Nullable = false) (Size = 120), @p5='mock_subscription_d57ca91f270c4f5e84bda1b50be9816d' (Nullable = false) (Size = 120), @p6='1'], CommandType='Text', CommandTimeout='30']
      INSERT INTO `subscriptions` (`ends_at`, `plan_id`, `started_at`, `status`, `stripe_customer_id`, `stripe_subscription_id`, `user_id`)
      VALUES (@p0, @p1, @p2, @p3, @p4, @p5, @p6);
      SELECT `id`
      FROM `subscriptions`
      WHERE ROW_COUNT() = 1 AND `id` = LAST_INSERT_ID();
info: Microsoft.EntityFrameworkCore.Database.Command[20101]
      Executed DbCommand (1ms) [Parameters=[@p0='99', @p1='PEN' (Nullable = false) (Size = 10), @p2='2026-06-08T00:19:23.6037447Z' (DbType = DateTime), @p3='MockStripe' (Nullable = false) (Size = 40), @p4='mock_payment_0e98e1f2cdcd4e51bc657cd8c0363803' (Nullable = false) (Size = 120), @p5='Paid' (Nullable = false) (Size = 40), @p6='8', @p7='1'], CommandType='Text', CommandTimeout='30']
      INSERT INTO `payments` (`amount`, `currency`, `paid_at`, `provider`, `provider_payment_id`, `status`, `subscription_id`, `user_id`)
      VALUES (@p0, @p1, @p2, @p3, @p4, @p5, @p6, @p7);
      SELECT `id`
      FROM `payments`
      WHERE ROW_COUNT() = 1 AND `id` = LAST_INSERT_ID();
info: Microsoft.EntityFrameworkCore.Database.Command[20101]
      Executed DbCommand (1ms) [Parameters=[@p0=NULL (DbType = DateTime), @p1='3', @p2='2026-06-08T00:00:00.0000000' (DbType = DateTime), @p3='Active' (Nullable = false) (Size = 40), @p4='mock_customer_1' (Nullable = false) (Size = 120), @p5='mock_subscription_01b506c783c7480ebf678b002cab8a65' (Nullable = false) (Size = 120), @p6='1'], CommandType='Text', CommandTimeout='30']
      INSERT INTO `subscriptions` (`ends_at`, `plan_id`, `started_at`, `status`, `stripe_customer_id`, `stripe_subscription_id`, `user_id`)
      VALUES (@p0, @p1, @p2, @p3, @p4, @p5, @p6);
      SELECT `id`
      FROM `subscriptions`
      WHERE ROW_COUNT() = 1 AND `id` = LAST_INSERT_ID();
info: Microsoft.EntityFrameworkCore.Database.Command[20101]
      Executed DbCommand (1ms) [Parameters=[@p0='129', @p1='PEN' (Nullable = false) (Size = 10), @p2='2026-06-08T00:19:24.7230005Z' (DbType = DateTime), @p3='MockStripe' (Nullable = false) (Size = 40), @p4='mock_payment_7aa939ce7bfe4fb6808662a4d7f0c5ba' (Nullable = false) (Size = 120), @p5='Paid' (Nullable = false) (Size = 40), @p6='9', @p7='1'], CommandType='Text', CommandTimeout='30']
      INSERT INTO `payments` (`amount`, `currency`, `paid_at`, `provider`, `provider_payment_id`, `status`, `subscription_id`, `user_id`)
      VALUES (@p0, @p1, @p2, @p3, @p4, @p5, @p6, @p7);
      SELECT `id`
      FROM `payments`
      WHERE ROW_COUNT() = 1 AND `id` = LAST_INSERT_ID();
info: Microsoft.EntityFrameworkCore.Database.Command[20101]
      Executed DbCommand (1ms) [Parameters=[], CommandType='Text', CommandTimeout='30']
      SELECT `h`.`id`, `h`.`location`, `h`.`main_type`, `h`.`name`, `h`.`owner`, `h`.`owner_id`, `h`.`veterinarian_id`
      FROM `herds` AS `h`
info: Microsoft.EntityFrameworkCore.Database.Command[20101]
      Executed DbCommand (0ms) [Parameters=[], CommandType='Text', CommandTimeout='30']
      SELECT `a`.`id`, `a`.`birth_date`, `a`.`breed`, `a`.`gender`, `a`.`herd_id`, `a`.`name`, `a`.`species`, `a`.`status`, `a`.`tag`, `a`.`weight`
      FROM `animals` AS `a`
info: Microsoft.EntityFrameworkCore.Database.Command[20101]
      Executed DbCommand (0ms) [Parameters=[], CommandType='Text', CommandTimeout='30']
      SELECT `h`.`id`, `h`.`animal_id`, `h`.`date`, `h`.`description`, `h`.`diagnosis`, `h`.`follow_up`, `h`.`next_due_date`, `h`.`prescription`, `h`.`treatment`, `h`.`type`, `h`.`veterinarian`
      FROM `health_events` AS `h`
info: Microsoft.EntityFrameworkCore.Database.Command[20101]
      Executed DbCommand (1ms) [Parameters=[], CommandType='Text', CommandTimeout='30']
      SELECT `f`.`id`, `f`.`amount`, `f`.`category`, `f`.`date`, `f`.`description`, `f`.`owner_id`, `f`.`type`
      FROM `financial_records` AS `f`
info: Microsoft.EntityFrameworkCore.Database.Command[20101]
      Executed DbCommand (0ms) [Parameters=[], CommandType='Text', CommandTimeout='30']
      SELECT `f`.`id`, `f`.`date`, `f`.`owner_id`, `f`.`priority`, `f`.`status`, `f`.`title`, `f`.`type`, `f`.`veterinarian_id`
      FROM `farm_activities` AS `f`
info: Microsoft.EntityFrameworkCore.Database.Command[20101]
      Executed DbCommand (0ms) [Parameters=[], CommandType='Text', CommandTimeout='30']
      SELECT `d`.`id`, `d`.`animal_id`, `d`.`herd_id`, `d`.`name`, `d`.`serial_number`, `d`.`status`, `d`.`type`
      FROM `devices` AS `d`
 Skipping authorization
info: Microsoft.EntityFrameworkCore.Database.Command[20101]
      Executed DbCommand (0ms) [Parameters=[@username='ganadero' (Size = 80)], CommandType='Text', CommandTimeout='30']
      SELECT `u`.`id`, `u`.`created_at`, `u`.`full_name`, `u`.`password_hash`, `u`.`role`, `u`.`updated_at`, `u`.`username`
      FROM `users` AS `u`
      WHERE `u`.`username` = @username
      LIMIT 1
info: Microsoft.EntityFrameworkCore.Database.Command[20101]
      Executed DbCommand (1ms) [Parameters=[@p='1'], CommandType='Text', CommandTimeout='30']
      SELECT `u`.`id`, `u`.`created_at`, `u`.`full_name`, `u`.`password_hash`, `u`.`role`, `u`.`updated_at`, `u`.`username`
      FROM `users` AS `u`
      WHERE `u`.`id` = @p
      LIMIT 1
info: Microsoft.EntityFrameworkCore.Database.Command[20101]
      Executed DbCommand (0ms) [Parameters=[], CommandType='Text', CommandTimeout='30']
      SELECT `u`.`id`, `u`.`created_at`, `u`.`full_name`, `u`.`password_hash`, `u`.`role`, `u`.`updated_at`, `u`.`username`
      FROM `users` AS `u`
info: Microsoft.EntityFrameworkCore.Database.Command[20101]
      Executed DbCommand (1ms) [Parameters=[], CommandType='Text', CommandTimeout='30']
      SELECT `a`.`id`, `a`.`birth_date`, `a`.`breed`, `a`.`gender`, `a`.`herd_id`, `a`.`name`, `a`.`species`, `a`.`status`, `a`.`tag`, `a`.`weight`
      FROM `animals` AS `a`
info: Microsoft.EntityFrameworkCore.Database.Command[20101]
      Executed DbCommand (1ms) [Parameters=[], CommandType='Text', CommandTimeout='30']
      SELECT `f`.`id`, `f`.`amount`, `f`.`category`, `f`.`date`, `f`.`description`, `f`.`owner_id`, `f`.`type`
      FROM `financial_records` AS `f`
info: Microsoft.EntityFrameworkCore.Database.Command[20101]
      Executed DbCommand (0ms) [Parameters=[], CommandType='Text', CommandTimeout='30']
      SELECT `h`.`id`, `h`.`location`, `h`.`main_type`, `h`.`name`, `h`.`owner`, `h`.`owner_id`, `h`.`veterinarian_id`
      FROM `herds` AS `h`
info: Microsoft.EntityFrameworkCore.Database.Command[20101]
      Executed DbCommand (1ms) [Parameters=[], CommandType='Text', CommandTimeout='30']
      SELECT `f`.`id`, `f`.`date`, `f`.`owner_id`, `f`.`priority`, `f`.`status`, `f`.`title`, `f`.`type`, `f`.`veterinarian_id`
      FROM `farm_activities` AS `f`
info: Microsoft.EntityFrameworkCore.Database.Command[20101]
      Executed DbCommand (1ms) [Parameters=[], CommandType='Text', CommandTimeout='30']
      SELECT `h`.`id`, `h`.`animal_id`, `h`.`date`, `h`.`description`, `h`.`diagnosis`, `h`.`follow_up`, `h`.`next_due_date`, `h`.`prescription`, `h`.`treatment`, `h`.`type`, `h`.`veterinarian`
      FROM `health_events` AS `h`
info: Microsoft.EntityFrameworkCore.Database.Command[20101]
      Executed DbCommand (0ms) [Parameters=[], CommandType='Text', CommandTimeout='30']
      SELECT `s`.`id`, `s`.`is_active`, `s`.`max_animals`, `s`.`name`, `s`.`price`, `s`.`stripe_price_id`
      FROM `subscription_plans` AS `s`
info: Microsoft.EntityFrameworkCore.Database.Command[20101]
      Executed DbCommand (0ms) [Parameters=[], CommandType='Text', CommandTimeout='30']
      SELECT `s`.`id`, `s`.`ends_at`, `s`.`plan_id`, `s`.`started_at`, `s`.`status`, `s`.`stripe_customer_id`, `s`.`stripe_subscription_id`, `s`.`user_id`
      FROM `subscriptions` AS `s`
info: Microsoft.EntityFrameworkCore.Database.Command[20101]
      Executed DbCommand (2ms) [Parameters=[@userId='1'], CommandType='Text', CommandTimeout='30']
      SELECT `p`.`id`, `p`.`amount`, `p`.`currency`, `p`.`paid_at`, `p`.`provider`, `p`.`provider_payment_id`, `p`.`status`, `p`.`subscription_id`, `p`.`user_id`
      FROM `payments` AS `p`
      WHERE `p`.`user_id` = @userId
      ORDER BY `p`.`paid_at` DESC
info: Microsoft.EntityFrameworkCore.Database.Command[20101]
      Executed DbCommand (0ms) [Parameters=[], CommandType='Text', CommandTimeout='30']
      SELECT `d`.`id`, `d`.`animal_id`, `d`.`herd_id`, `d`.`name`, `d`.`serial_number`, `d`.`status`, `d`.`type`
      FROM `devices` AS `d`
info: Microsoft.EntityFrameworkCore.Database.Command[20101]
      Executed DbCommand (1ms) [Parameters=[@p='1'], CommandType='Text', CommandTimeout='30']
      SELECT `d`.`id`, `d`.`animal_id`, `d`.`herd_id`, `d`.`name`, `d`.`serial_number`, `d`.`status`, `d`.`type`
      FROM `devices` AS `d`
      WHERE `d`.`id` = @p
      LIMIT 1
info: Microsoft.EntityFrameworkCore.Database.Command[20101]
      Executed DbCommand (1ms) [Parameters=[@p='2'], CommandType='Text', CommandTimeout='30']
      SELECT `d`.`id`, `d`.`animal_id`, `d`.`herd_id`, `d`.`name`, `d`.`serial_number`, `d`.`status`, `d`.`type`
      FROM `devices` AS `d`
      WHERE `d`.`id` = @p
      LIMIT 1
info: Microsoft.EntityFrameworkCore.Database.Command[20101]
      Executed DbCommand (1ms) [Parameters=[@p='1'], CommandType='Text', CommandTimeout='30']
      SELECT `d`.`id`, `d`.`animal_id`, `d`.`herd_id`, `d`.`name`, `d`.`serial_number`, `d`.`status`, `d`.`type`
      FROM `devices` AS `d`
      WHERE `d`.`id` = @p
      LIMIT 1
info: Microsoft.EntityFrameworkCore.Database.Command[20101]
      Executed DbCommand (1ms) [Parameters=[], CommandType='Text', CommandTimeout='30']
      SELECT `d`.`id`, `d`.`device_id`, `d`.`recorded_at`, `d`.`type`, `d`.`unit`, `d`.`value`
      FROM `device_metrics` AS `d`
info: Microsoft.EntityFrameworkCore.Database.Command[20101]
      Executed DbCommand (0ms) [Parameters=[], CommandType='Text', CommandTimeout='30']
      SELECT `d`.`id`, `d`.`device_id`, `d`.`recorded_at`, `d`.`type`, `d`.`unit`, `d`.`value`
      FROM `device_metrics` AS `d`
info: Microsoft.EntityFrameworkCore.Database.Command[20101]
      Executed DbCommand (1ms) [Parameters=[], CommandType='Text', CommandTimeout='30']
      SELECT `d`.`id`, `d`.`device_id`, `d`.`recorded_at`, `d`.`type`, `d`.`unit`, `d`.`value`
      FROM `device_metrics` AS `d`
info: Microsoft.EntityFrameworkCore.Database.Command[20101]
      Executed DbCommand (1ms) [Parameters=[@p='2'], CommandType='Text', CommandTimeout='30']
      SELECT `d`.`id`, `d`.`animal_id`, `d`.`herd_id`, `d`.`name`, `d`.`serial_number`, `d`.`status`, `d`.`type`
      FROM `devices` AS `d`
      WHERE `d`.`id` = @p
      LIMIT 1
info: Microsoft.EntityFrameworkCore.Database.Command[20101]
      Executed DbCommand (1ms) [Parameters=[@p='3'], CommandType='Text', CommandTimeout='30']
      SELECT `d`.`id`, `d`.`animal_id`, `d`.`herd_id`, `d`.`name`, `d`.`serial_number`, `d`.`status`, `d`.`type`
      FROM `devices` AS `d`
      WHERE `d`.`id` = @p
      LIMIT 1
info: Microsoft.EntityFrameworkCore.Database.Command[20101]
      Executed DbCommand (0ms) [Parameters=[], CommandType='Text', CommandTimeout='30']
      SELECT `d`.`id`, `d`.`device_id`, `d`.`recorded_at`, `d`.`type`, `d`.`unit`, `d`.`value`
      FROM `device_metrics` AS `d`
info: Microsoft.EntityFrameworkCore.Database.Command[20101]
      Executed DbCommand (0ms) [Parameters=[@p='3'], CommandType='Text', CommandTimeout='30']
      SELECT `d`.`id`, `d`.`animal_id`, `d`.`herd_id`, `d`.`name`, `d`.`serial_number`, `d`.`status`, `d`.`type`
      FROM `devices` AS `d`
      WHERE `d`.`id` = @p
      LIMIT 1
info: Microsoft.EntityFrameworkCore.Database.Command[20101]
      Executed DbCommand (0ms) [Parameters=[], CommandType='Text', CommandTimeout='30']
      SELECT `d`.`id`, `d`.`device_id`, `d`.`recorded_at`, `d`.`type`, `d`.`unit`, `d`.`value`
      FROM `device_metrics` AS `d`
info: Microsoft.EntityFrameworkCore.Database.Command[20101]
      Executed DbCommand (0ms) [Parameters=[@p='4'], CommandType='Text', CommandTimeout='30']
      SELECT `d`.`id`, `d`.`animal_id`, `d`.`herd_id`, `d`.`name`, `d`.`serial_number`, `d`.`status`, `d`.`type`
      FROM `devices` AS `d`
      WHERE `d`.`id` = @p
      LIMIT 1
info: Microsoft.EntityFrameworkCore.Database.Command[20101]
      Executed DbCommand (0ms) [Parameters=[], CommandType='Text', CommandTimeout='30']
      SELECT `d`.`id`, `d`.`device_id`, `d`.`recorded_at`, `d`.`type`, `d`.`unit`, `d`.`value`
      FROM `device_metrics` AS `d`
info: Microsoft.EntityFrameworkCore.Database.Command[20101]
      Executed DbCommand (0ms) [Parameters=[], CommandType='Text', CommandTimeout='30']
      SELECT `d`.`id`, `d`.`device_id`, `d`.`recorded_at`, `d`.`type`, `d`.`unit`, `d`.`value`
      FROM `device_metrics` AS `d`
info: Microsoft.EntityFrameworkCore.Database.Command[20101]
      Executed DbCommand (0ms) [Parameters=[@p='4'], CommandType='Text', CommandTimeout='30']
      SELECT `d`.`id`, `d`.`animal_id`, `d`.`herd_id`, `d`.`name`, `d`.`serial_number`, `d`.`status`, `d`.`type`
      FROM `devices` AS `d`
      WHERE `d`.`id` = @p
      LIMIT 1
info: Microsoft.EntityFrameworkCore.Database.Command[20101]
      Executed DbCommand (0ms) [Parameters=[@p='5'], CommandType='Text', CommandTimeout='30']
      SELECT `d`.`id`, `d`.`animal_id`, `d`.`herd_id`, `d`.`name`, `d`.`serial_number`, `d`.`status`, `d`.`type`
      FROM `devices` AS `d`
      WHERE `d`.`id` = @p
      LIMIT 1
info: Microsoft.EntityFrameworkCore.Database.Command[20101]
      Executed DbCommand (0ms) [Parameters=[], CommandType='Text', CommandTimeout='30']
      SELECT `d`.`id`, `d`.`device_id`, `d`.`recorded_at`, `d`.`type`, `d`.`unit`, `d`.`value`
      FROM `device_metrics` AS `d`
info: Microsoft.EntityFrameworkCore.Database.Command[20101]
      Executed DbCommand (0ms) [Parameters=[], CommandType='Text', CommandTimeout='30']
      SELECT `d`.`id`, `d`.`device_id`, `d`.`recorded_at`, `d`.`type`, `d`.`unit`, `d`.`value`
      FROM `device_metrics` AS `d`
info: Microsoft.EntityFrameworkCore.Database.Command[20101]
      Executed DbCommand (0ms) [Parameters=[@p='5'], CommandType='Text', CommandTimeout='30']
      SELECT `d`.`id`, `d`.`animal_id`, `d`.`herd_id`, `d`.`name`, `d`.`serial_number`, `d`.`status`, `d`.`type`
      FROM `devices` AS `d`
      WHERE `d`.`id` = @p
      LIMIT 1
info: Microsoft.EntityFrameworkCore.Database.Command[20101]
      Executed DbCommand (1ms) [Parameters=[], CommandType='Text', CommandTimeout='30']
      SELECT `d`.`id`, `d`.`device_id`, `d`.`recorded_at`, `d`.`type`, `d`.`unit`, `d`.`value`
      FROM `device_metrics` AS `d`
info: Microsoft.EntityFrameworkCore.Database.Command[20101]
      Executed DbCommand (1ms) [Parameters=[], CommandType='Text', CommandTimeout='30']
      SELECT `h`.`id`, `h`.`location`, `h`.`main_type`, `h`.`name`, `h`.`owner`, `h`.`owner_id`, `h`.`veterinarian_id`
      FROM `herds` AS `h`
info: Microsoft.EntityFrameworkCore.Database.Command[20101]
      Executed DbCommand (0ms) [Parameters=[], CommandType='Text', CommandTimeout='30']
      SELECT `a`.`id`, `a`.`birth_date`, `a`.`breed`, `a`.`gender`, `a`.`herd_id`, `a`.`name`, `a`.`species`, `a`.`status`, `a`.`tag`, `a`.`weight`
      FROM `animals` AS `a`
info: Microsoft.EntityFrameworkCore.Database.Command[20101]
      Executed DbCommand (0ms) [Parameters=[], CommandType='Text', CommandTimeout='30']
      SELECT `h`.`id`, `h`.`animal_id`, `h`.`date`, `h`.`description`, `h`.`diagnosis`, `h`.`follow_up`, `h`.`next_due_date`, `h`.`prescription`, `h`.`treatment`, `h`.`type`, `h`.`veterinarian`
      FROM `health_events` AS `h`
info: Microsoft.EntityFrameworkCore.Database.Command[20101]
      Executed DbCommand (0ms) [Parameters=[], CommandType='Text', CommandTimeout='30']
      SELECT `f`.`id`, `f`.`amount`, `f`.`category`, `f`.`date`, `f`.`description`, `f`.`owner_id`, `f`.`type`
      FROM `financial_records` AS `f`
info: Microsoft.EntityFrameworkCore.Database.Command[20101]
      Executed DbCommand (0ms) [Parameters=[], CommandType='Text', CommandTimeout='30']
      SELECT `f`.`id`, `f`.`date`, `f`.`owner_id`, `f`.`priority`, `f`.`status`, `f`.`title`, `f`.`type`, `f`.`veterinarian_id`
      FROM `farm_activities` AS `f`
info: Microsoft.EntityFrameworkCore.Database.Command[20101]
      Executed DbCommand (0ms) [Parameters=[], CommandType='Text', CommandTimeout='30']
      SELECT `d`.`id`, `d`.`animal_id`, `d`.`herd_id`, `d`.`name`, `d`.`serial_number`, `d`.`status`, `d`.`type`
      FROM `devices` AS `d`
