Usando la configuración de inicio de Anitec.Platform\Properties\launchSettings.json...
warn: Microsoft.EntityFrameworkCore.Model.Validation[10400]
      Sensitive data logging is enabled. Log entries and exception messages may include sensitive application data; this mode should only be enabled during development.
info: Microsoft.EntityFrameworkCore.Migrations[20411]
      Acquiring an exclusive lock for migration application. See https://aka.ms/efcore-docs-migrations-lock for more information if this takes too long.
info: Microsoft.EntityFrameworkCore.Database.Command[20101]
      Executed DbCommand (2ms) [Parameters=[], CommandType='Text', CommandTimeout='30']
      SELECT GET_LOCK('__EFMigrationsLock',-1);
info: Microsoft.EntityFrameworkCore.Database.Command[20101]
      Executed DbCommand (2ms) [Parameters=[], CommandType='Text', CommandTimeout='30']
      CREATE TABLE IF NOT EXISTS `__EFMigrationsHistory` (
          `MigrationId` varchar(150) NOT NULL,
          `ProductVersion` varchar(32) NOT NULL,
          PRIMARY KEY (`MigrationId`)
      );
info: Microsoft.EntityFrameworkCore.Database.Command[20101]
      Executed DbCommand (1ms) [Parameters=[], CommandType='Text', CommandTimeout='30']
      SELECT 1 FROM INFORMATION_SCHEMA.TABLES WHERE TABLE_SCHEMA='anitec-platform' AND TABLE_NAME='__EFMigrationsHistory';
info: Microsoft.EntityFrameworkCore.Database.Command[20101]
      Executed DbCommand (1ms) [Parameters=[], CommandType='Text', CommandTimeout='30']
      SELECT `MigrationId`, `ProductVersion`
      FROM `__EFMigrationsHistory`
      ORDER BY `MigrationId`;
info: Microsoft.EntityFrameworkCore.Migrations[20405]
      No migrations were applied. The database is already up to date.
info: Microsoft.EntityFrameworkCore.Database.Command[20101]
      Executed DbCommand (0ms) [Parameters=[], CommandType='Text', CommandTimeout='30']
      SELECT RELEASE_LOCK('__EFMigrationsLock');
info: Microsoft.EntityFrameworkCore.Database.Command[20101]
      Executed DbCommand (21ms) [Parameters=[], CommandType='Text', CommandTimeout='30']
      SELECT EXISTS (
          SELECT 1
          FROM `users` AS `u`)
info: Microsoft.Hosting.Lifetime[14]
      Now listening on: http://localhost:5191
info: Microsoft.Hosting.Lifetime[0]
      Application started. Press Ctrl+C to shut down.
info: Microsoft.Hosting.Lifetime[0]
      Hosting environment: Development
info: Microsoft.Hosting.Lifetime[0]
      Content root path: C:\Users\melga\AnitecProyecto\anitec-platform-main\Anitec.Platform
fail: Anitec.Platform.Shared.Infrastructure.Pipeline.Middleware.Components.GlobalExceptionHandlerMiddleware[0]
      An unhandled exception occurred: Null or invalid token
      System.Exception: Null or invalid token
         at Anitec.Platform.Iam.Infrastructure.Pipeline.Middleware.Components.RequestAuthorizationMiddleware.InvokeAsync(HttpContext context, IUserQueryService userQueryService, ITokenService tokenService) in C:\Users\melga\AnitecProyecto\anitec-platform-main\Anitec.Platform\Iam\Infrastructure\Pipeline\Middleware\Components\RequestAuthorizationMiddleware.cs:line 69
         at Swashbuckle.AspNetCore.SwaggerUI.SwaggerUIMiddleware.Invoke(HttpContext httpContext)
         at Swashbuckle.AspNetCore.Swagger.SwaggerMiddleware.Invoke(HttpContext httpContext, ISwaggerProvider swaggerProvider)
         at Microsoft.AspNetCore.Localization.RequestLocalizationMiddleware.Invoke(HttpContext context)
         at Anitec.Platform.Shared.Infrastructure.Pipeline.Middleware.Components.GlobalExceptionHandlerMiddleware.InvokeAsync(HttpContext context) in C:\Users\melga\AnitecProyecto\anitec-platform-main\Anitec.Platform\Shared\Infrastructure\Pipeline\Middleware\Components\GlobalExceptionHandlerMiddleware.cs:line 39
warn: Microsoft.AspNetCore.HttpsPolicy.HttpsRedirectionMiddleware[3]
      Failed to determine the https port for redirect.
info: Microsoft.EntityFrameworkCore.Database.Command[20101]
      Executed DbCommand (5ms) [Parameters=[], CommandType='Text', CommandTimeout='30']
      SELECT `a`.`id`, `a`.`birth_date`, `a`.`breed`, `a`.`gender`, `a`.`herd_id`, `a`.`name`, `a`.`species`, `a`.`status`, `a`.`tag`, `a`.`weight`
      FROM `animals` AS `a`
info: Microsoft.EntityFrameworkCore.Database.Command[20101]
      Executed DbCommand (2ms) [Parameters=[], CommandType='Text', CommandTimeout='30']
      SELECT `h`.`id`, `h`.`animal_id`, `h`.`date`, `h`.`description`, `h`.`diagnosis`, `h`.`follow_up`, `h`.`next_due_date`, `h`.`prescription`, `h`.`treatment`, `h`.`type`, `h`.`veterinarian`
      FROM `health_events` AS `h`
info: Microsoft.EntityFrameworkCore.Database.Command[20101]
      Executed DbCommand (1ms) [Parameters=[], CommandType='Text', CommandTimeout='30']
      SELECT `s`.`id`, `s`.`is_active`, `s`.`max_animals`, `s`.`name`, `s`.`price`, `s`.`stripe_price_id`
      FROM `subscription_plans` AS `s`
 Skipping authorization
info: Microsoft.EntityFrameworkCore.Database.Command[20101]
      Executed DbCommand (4ms) [Parameters=[@username='ganadero' (Size = 80)], CommandType='Text', CommandTimeout='30']
      SELECT `u`.`id`, `u`.`created_at`, `u`.`full_name`, `u`.`password_hash`, `u`.`role`, `u`.`updated_at`, `u`.`username`
      FROM `users` AS `u`
      WHERE `u`.`username` = @username
      LIMIT 1
fail: Anitec.Platform.Shared.Infrastructure.Pipeline.Middleware.Components.GlobalExceptionHandlerMiddleware[0]
      An unhandled exception occurred: Null or invalid token
      System.Exception: Null or invalid token
         at Anitec.Platform.Iam.Infrastructure.Pipeline.Middleware.Components.RequestAuthorizationMiddleware.InvokeAsync(HttpContext context, IUserQueryService userQueryService, ITokenService tokenService) in C:\Users\melga\AnitecProyecto\anitec-platform-main\Anitec.Platform\Iam\Infrastructure\Pipeline\Middleware\Components\RequestAuthorizationMiddleware.cs:line 69
         at Swashbuckle.AspNetCore.SwaggerUI.SwaggerUIMiddleware.Invoke(HttpContext httpContext)
         at Swashbuckle.AspNetCore.Swagger.SwaggerMiddleware.Invoke(HttpContext httpContext, ISwaggerProvider swaggerProvider)
         at Microsoft.AspNetCore.Localization.RequestLocalizationMiddleware.Invoke(HttpContext context)
         at Anitec.Platform.Shared.Infrastructure.Pipeline.Middleware.Components.GlobalExceptionHandlerMiddleware.InvokeAsync(HttpContext context) in C:\Users\melga\AnitecProyecto\anitec-platform-main\Anitec.Platform\Shared\Infrastructure\Pipeline\Middleware\Components\GlobalExceptionHandlerMiddleware.cs:line 39
 Skipping authorization
info: Microsoft.EntityFrameworkCore.Database.Command[20101]
      Executed DbCommand (1ms) [Parameters=[@username='ganadero' (Size = 80)], CommandType='Text', CommandTimeout='30']
      SELECT `u`.`id`, `u`.`created_at`, `u`.`full_name`, `u`.`password_hash`, `u`.`role`, `u`.`updated_at`, `u`.`username`
      FROM `users` AS `u`
      WHERE `u`.`username` = @username
      LIMIT 1
info: Microsoft.EntityFrameworkCore.Database.Command[20101]
      Executed DbCommand (1ms) [Parameters=[], CommandType='Text', CommandTimeout='30']
      SELECT `a`.`id`, `a`.`birth_date`, `a`.`breed`, `a`.`gender`, `a`.`herd_id`, `a`.`name`, `a`.`species`, `a`.`status`, `a`.`tag`, `a`.`weight`
      FROM `animals` AS `a`
info: Microsoft.EntityFrameworkCore.Database.Command[20101]
      Executed DbCommand (1ms) [Parameters=[], CommandType='Text', CommandTimeout='30']
      SELECT `h`.`id`, `h`.`animal_id`, `h`.`date`, `h`.`description`, `h`.`diagnosis`, `h`.`follow_up`, `h`.`next_due_date`, `h`.`prescription`, `h`.`treatment`, `h`.`type`, `h`.`veterinarian`
      FROM `health_events` AS `h`
info: Microsoft.EntityFrameworkCore.Database.Command[20101]
      Executed DbCommand (1ms) [Parameters=[@p='1'], CommandType='Text', CommandTimeout='30']
      SELECT `u`.`id`, `u`.`created_at`, `u`.`full_name`, `u`.`password_hash`, `u`.`role`, `u`.`updated_at`, `u`.`username`
      FROM `users` AS `u`
      WHERE `u`.`id` = @p
      LIMIT 1
info: Microsoft.EntityFrameworkCore.Database.Command[20101]
      Executed DbCommand (1ms) [Parameters=[], CommandType='Text', CommandTimeout='30']
      SELECT `u`.`id`, `u`.`created_at`, `u`.`full_name`, `u`.`password_hash`, `u`.`role`, `u`.`updated_at`, `u`.`username`
      FROM `users` AS `u`
info: Microsoft.EntityFrameworkCore.Database.Command[20101]
      Executed DbCommand (1ms) [Parameters=[@veterinarianId='2'], CommandType='Text', CommandTimeout='30']
      SELECT `v`.`id`, `v`.`accepted_at`, `v`.`rancher_id`, `v`.`requested_at`, `v`.`status`, `v`.`veterinarian_id`
      FROM `veterinarian_clients` AS `v`
      WHERE `v`.`veterinarian_id` = @veterinarianId
info: Microsoft.EntityFrameworkCore.Database.Command[20101]
      Executed DbCommand (1ms) [Parameters=[], CommandType='Text', CommandTimeout='30']
      SELECT `u`.`id`, `u`.`created_at`, `u`.`full_name`, `u`.`password_hash`, `u`.`role`, `u`.`updated_at`, `u`.`username`
      FROM `users` AS `u`
info: Microsoft.EntityFrameworkCore.Database.Command[20101]
      Executed DbCommand (1ms) [Parameters=[], CommandType='Text', CommandTimeout='30']
      SELECT `h`.`id`, `h`.`location`, `h`.`main_type`, `h`.`name`, `h`.`owner`, `h`.`owner_id`, `h`.`veterinarian_id`
      FROM `herds` AS `h`
info: Microsoft.EntityFrameworkCore.Database.Command[20101]
      Executed DbCommand (1ms) [Parameters=[], CommandType='Text', CommandTimeout='30']
      SELECT `a`.`id`, `a`.`birth_date`, `a`.`breed`, `a`.`gender`, `a`.`herd_id`, `a`.`name`, `a`.`species`, `a`.`status`, `a`.`tag`, `a`.`weight`
      FROM `animals` AS `a`
info: Microsoft.EntityFrameworkCore.Database.Command[20101]
      Executed DbCommand (0ms) [Parameters=[], CommandType='Text', CommandTimeout='30']
      SELECT `h`.`id`, `h`.`location`, `h`.`main_type`, `h`.`name`, `h`.`owner`, `h`.`owner_id`, `h`.`veterinarian_id`
      FROM `herds` AS `h`
info: Microsoft.EntityFrameworkCore.Database.Command[20101]
      Executed DbCommand (1ms) [Parameters=[], CommandType='Text', CommandTimeout='30']
      SELECT `a`.`id`, `a`.`birth_date`, `a`.`breed`, `a`.`gender`, `a`.`herd_id`, `a`.`name`, `a`.`species`, `a`.`status`, `a`.`tag`, `a`.`weight`
      FROM `animals` AS `a`
info: Microsoft.EntityFrameworkCore.Database.Command[20101]
      Executed DbCommand (1ms) [Parameters=[], CommandType='Text', CommandTimeout='30']
      SELECT `h`.`id`, `h`.`animal_id`, `h`.`date`, `h`.`description`, `h`.`diagnosis`, `h`.`follow_up`, `h`.`next_due_date`, `h`.`prescription`, `h`.`treatment`, `h`.`type`, `h`.`veterinarian`
      FROM `health_events` AS `h`
info: Microsoft.EntityFrameworkCore.Database.Command[20101]
      Executed DbCommand (1ms) [Parameters=[], CommandType='Text', CommandTimeout='30']
      SELECT `f`.`id`, `f`.`amount`, `f`.`category`, `f`.`date`, `f`.`description`, `f`.`owner_id`, `f`.`type`
      FROM `financial_records` AS `f`
info: Microsoft.EntityFrameworkCore.Database.Command[20101]
      Executed DbCommand (1ms) [Parameters=[], CommandType='Text', CommandTimeout='30']
      SELECT `f`.`id`, `f`.`date`, `f`.`owner_id`, `f`.`priority`, `f`.`status`, `f`.`title`, `f`.`type`, `f`.`veterinarian_id`
      FROM `farm_activities` AS `f`
info: Microsoft.EntityFrameworkCore.Database.Command[20101]
      Executed DbCommand (1ms) [Parameters=[], CommandType='Text', CommandTimeout='30']
      SELECT `d`.`id`, `d`.`animal_id`, `d`.`herd_id`, `d`.`name`, `d`.`serial_number`, `d`.`status`, `d`.`type`
      FROM `devices` AS `d`
